Archive member included to satisfy reference by file (symbol)

/usr/lib/gcc/arm-none-eabi/4.9.3/../../../arm-none-eabi/lib/armv7-m/libg.a(lib_a-atexit.o)
                              /usr/lib/gcc/arm-none-eabi/4.9.3/../../../arm-none-eabi/lib/armv7-m/crt0.o (atexit)
/usr/lib/gcc/arm-none-eabi/4.9.3/../../../arm-none-eabi/lib/armv7-m/libg.a(lib_a-exit.o)
                              /usr/lib/gcc/arm-none-eabi/4.9.3/../../../arm-none-eabi/lib/armv7-m/crt0.o (exit)
/usr/lib/gcc/arm-none-eabi/4.9.3/../../../arm-none-eabi/lib/armv7-m/libg.a(lib_a-fini.o)
                              /usr/lib/gcc/arm-none-eabi/4.9.3/../../../arm-none-eabi/lib/armv7-m/crt0.o (__libc_fini_array)
/usr/lib/gcc/arm-none-eabi/4.9.3/../../../arm-none-eabi/lib/armv7-m/libg.a(lib_a-impure.o)
                              /usr/lib/gcc/arm-none-eabi/4.9.3/../../../arm-none-eabi/lib/armv7-m/libg.a(lib_a-exit.o) (_global_impure_ptr)
/usr/lib/gcc/arm-none-eabi/4.9.3/../../../arm-none-eabi/lib/armv7-m/libg.a(lib_a-init.o)
                              /usr/lib/gcc/arm-none-eabi/4.9.3/../../../arm-none-eabi/lib/armv7-m/crt0.o (__libc_init_array)
/usr/lib/gcc/arm-none-eabi/4.9.3/../../../arm-none-eabi/lib/armv7-m/libg.a(lib_a-memset.o)
                              /usr/lib/gcc/arm-none-eabi/4.9.3/../../../arm-none-eabi/lib/armv7-m/crt0.o (memset)
/usr/lib/gcc/arm-none-eabi/4.9.3/../../../arm-none-eabi/lib/armv7-m/libg.a(lib_a-__atexit.o)
                              /usr/lib/gcc/arm-none-eabi/4.9.3/../../../arm-none-eabi/lib/armv7-m/libg.a(lib_a-atexit.o) (__register_exitproc)
/usr/lib/gcc/arm-none-eabi/4.9.3/../../../arm-none-eabi/lib/armv7-m/libg.a(lib_a-__call_atexit.o)
                              /usr/lib/gcc/arm-none-eabi/4.9.3/../../../arm-none-eabi/lib/armv7-m/libg.a(lib_a-exit.o) (__call_exitprocs)
/usr/lib/gcc/arm-none-eabi/4.9.3/../../../arm-none-eabi/lib/armv7-m/libnosys.a(_exit.o)
                              /usr/lib/gcc/arm-none-eabi/4.9.3/../../../arm-none-eabi/lib/armv7-m/libg.a(lib_a-exit.o) (_exit)

Allocating common symbols
Common symbol       size              file

hi2c1               0x54              ./Src/main.o
uwTick              0x4               ./Drivers/STM32F1xx_HAL_Driver/Src/stm32f1xx_hal.o
pFlash              0x20              ./Drivers/STM32F1xx_HAL_Driver/Src/stm32f1xx_hal_flash.o

Discarded input sections

 .text          0x0000000000000000        0x0 /usr/lib/gcc/arm-none-eabi/4.9.3/armv7-m/crti.o
 .data          0x0000000000000000        0x0 /usr/lib/gcc/arm-none-eabi/4.9.3/armv7-m/crti.o
 .bss           0x0000000000000000        0x0 /usr/lib/gcc/arm-none-eabi/4.9.3/armv7-m/crti.o
 .data          0x0000000000000000        0x4 /usr/lib/gcc/arm-none-eabi/4.9.3/armv7-m/crtbegin.o
 .data          0x0000000000000000        0x0 /usr/lib/gcc/arm-none-eabi/4.9.3/../../../arm-none-eabi/lib/armv7-m/crt0.o
 .bss           0x0000000000000000        0x0 /usr/lib/gcc/arm-none-eabi/4.9.3/../../../arm-none-eabi/lib/armv7-m/crt0.o
 .ARM.extab     0x0000000000000000        0x0 /usr/lib/gcc/arm-none-eabi/4.9.3/../../../arm-none-eabi/lib/armv7-m/crt0.o
 .group         0x0000000000000000        0x8 ./Src/main.o
 .group         0x0000000000000000        0x8 ./Src/main.o
 .group         0x0000000000000000        0x8 ./Src/main.o
 .group         0x0000000000000000        0x8 ./Src/main.o
 .group         0x0000000000000000        0x8 ./Src/main.o
 .group         0x0000000000000000        0x8 ./Src/main.o
 .group         0x0000000000000000        0x8 ./Src/main.o
 .group         0x0000000000000000        0x8 ./Src/main.o
 .group         0x0000000000000000        0x8 ./Src/main.o
 .group         0x0000000000000000        0x8 ./Src/main.o
 .group         0x0000000000000000        0x8 ./Src/main.o
 .group         0x0000000000000000        0x8 ./Src/main.o
 .group         0x0000000000000000        0x8 ./Src/main.o
 .group         0x0000000000000000        0x8 ./Src/main.o
 .group         0x0000000000000000        0x8 ./Src/main.o
 .group         0x0000000000000000        0x8 ./Src/main.o
 .group         0x0000000000000000        0x8 ./Src/main.o
 .group         0x0000000000000000        0x8 ./Src/main.o
 .group         0x0000000000000000        0x8 ./Src/main.o
 .group         0x0000000000000000        0x8 ./Src/main.o
 .group         0x0000000000000000        0x8 ./Src/main.o
 .group         0x0000000000000000        0x8 ./Src/main.o
 .group         0x0000000000000000        0x8 ./Src/main.o
 .group         0x0000000000000000        0x8 ./Src/main.o
 .group         0x0000000000000000        0x8 ./Src/main.o
 .group         0x0000000000000000        0x8 ./Src/main.o
 .group         0x0000000000000000        0x8 ./Src/main.o
 .group         0x0000000000000000        0x8 ./Src/main.o
 .group         0x0000000000000000        0x8 ./Src/main.o
 .group         0x0000000000000000        0x8 ./Src/main.o
 .group         0x0000000000000000        0x8 ./Src/main.o
 .group         0x0000000000000000        0x8 ./Src/main.o
[...]
Memory Configuration

Name             Origin             Length             Attributes
*default*        0x0000000000000000 0xffffffffffffffff

Linker script and memory map

LOAD /usr/lib/gcc/arm-none-eabi/4.9.3/armv7-m/crti.o
LOAD /usr/lib/gcc/arm-none-eabi/4.9.3/armv7-m/crtbegin.o
LOAD /usr/lib/gcc/arm-none-eabi/4.9.3/../../../arm-none-eabi/lib/armv7-m/crt0.o
LOAD ./Src/main.o
LOAD ./Src/stm32f1xx_hal_msp.o
LOAD ./Src/stm32f1xx_it.o
LOAD ./Src/system_stm32f1xx.o
LOAD ./Drivers/STM32F1xx_HAL_Driver/Src/stm32f1xx_hal.o
LOAD ./Drivers/STM32F1xx_HAL_Driver/Src/stm32f1xx_hal_cortex.o
LOAD ./Drivers/STM32F1xx_HAL_Driver/Src/stm32f1xx_hal_dma.o
LOAD ./Drivers/STM32F1xx_HAL_Driver/Src/stm32f1xx_hal_flash.o
LOAD ./Drivers/STM32F1xx_HAL_Driver/Src/stm32f1xx_hal_flash_ex.o
LOAD ./Drivers/STM32F1xx_HAL_Driver/Src/stm32f1xx_hal_gpio.o
LOAD ./Drivers/STM32F1xx_HAL_Driver/Src/stm32f1xx_hal_gpio_ex.o
LOAD ./Drivers/STM32F1xx_HAL_Driver/Src/stm32f1xx_hal_i2c.o
LOAD ./Drivers/STM32F1xx_HAL_Driver/Src/stm32f1xx_hal_pwr.o
LOAD ./Drivers/STM32F1xx_HAL_Driver/Src/stm32f1xx_hal_rcc.o
LOAD ./Drivers/STM32F1xx_HAL_Driver/Src/stm32f1xx_hal_rcc_ex.o
LOAD ./Drivers/STM32F1xx_HAL_Driver/Src/stm32f1xx_hal_tim.o
LOAD ./Drivers/STM32F1xx_HAL_Driver/Src/stm32f1xx_hal_tim_ex.o
START GROUP
LOAD /usr/lib/gcc/arm-none-eabi/4.9.3/armv7-m/libgcc.a
LOAD /usr/lib/gcc/arm-none-eabi/4.9.3/../../../arm-none-eabi/lib/armv7-m/libg.a
LOAD /usr/lib/gcc/arm-none-eabi/4.9.3/../../../arm-none-eabi/lib/armv7-m/libc.a
END GROUP
START GROUP
LOAD /usr/lib/gcc/arm-none-eabi/4.9.3/armv7-m/libgcc.a
LOAD /usr/lib/gcc/arm-none-eabi/4.9.3/../../../arm-none-eabi/lib/armv7-m/libc.a
LOAD /usr/lib/gcc/arm-none-eabi/4.9.3/../../../arm-none-eabi/lib/armv7-m/libnosys.a
END GROUP
LOAD /usr/lib/gcc/arm-none-eabi/4.9.3/armv7-m/crtend.o
LOAD /usr/lib/gcc/arm-none-eabi/4.9.3/armv7-m/crtn.o
                [!provide]                        PROVIDE (__executable_start, 0x8000)
                0x0000000000008000                . = 0x8000

.interp
 *(.interp)

.note.gnu.build-id
 *(.note.gnu.build-id)

.hash
 *(.hash)

.gnu.hash
 *(.gnu.hash)

.dynsym
 *(.dynsym)

.dynstr
 *(.dynstr)

.gnu.version
 *(.gnu.version)

.gnu.version_d
 *(.gnu.version_d)

.gnu.version_r
 *(.gnu.version_r)

.rel.dyn        0x0000000000008000        0x0
 *(.rel.init)
 *(.rel.text .rel.text.* .rel.gnu.linkonce.t.*)
 *(.rel.fini)
 *(.rel.rodata .rel.rodata.* .rel.gnu.linkonce.r.*)
 *(.rel.data.rel.ro .rel.data.rel.ro.* .rel.gnu.linkonce.d.rel.ro.*)
 *(.rel.data .rel.data.* .rel.gnu.linkonce.d.*)
 *(.rel.tdata .rel.tdata.* .rel.gnu.linkonce.td.*)
 *(.rel.tbss .rel.tbss.* .rel.gnu.linkonce.tb.*)
 *(.rel.ctors)
 *(.rel.dtors)
 *(.rel.got)
 *(.rel.bss .rel.bss.* .rel.gnu.linkonce.b.*)
                [!provide]                        PROVIDE (__rel_iplt_start, .)
 *(.rel.iplt)
 .rel.iplt      0x0000000000008000        0x0 /usr/lib/gcc/arm-none-eabi/4.9.3/armv7-m/crtbegin.o
                [!provide]                        PROVIDE (__rel_iplt_end, .)

.rela.dyn       0x0000000000008000        0x0
 *(.rela.init)
 *(.rela.text .rela.text.* .rela.gnu.linkonce.t.*)
 *(.rela.fini)
 *(.rela.rodata .rela.rodata.* .rela.gnu.linkonce.r.*)
 *(.rela.data .rela.data.* .rela.gnu.linkonce.d.*)
 *(.rela.tdata .rela.tdata.* .rela.gnu.linkonce.td.*)
 *(.rela.tbss .rela.tbss.* .rela.gnu.linkonce.tb.*)
 *(.rela.ctors)
 *(.rela.dtors)
 *(.rela.got)
 *(.rela.bss .rela.bss.* .rela.gnu.linkonce.b.*)
                [!provide]                        PROVIDE (__rela_iplt_start, .)
 *(.rela.iplt)
                [!provide]                        PROVIDE (__rela_iplt_end, .)

.rel.plt
 *(.rel.plt)

.rela.plt
 *(.rela.plt)

.init           0x0000000000008000        0xc
 *(SORT(.init))
 .init          0x0000000000008000        0x4 /usr/lib/gcc/arm-none-eabi/4.9.3/armv7-m/crti.o
                0x0000000000008000                _init
 .init          0x0000000000008004        0x8 /usr/lib/gcc/arm-none-eabi/4.9.3/armv7-m/crtn.o

.plt
 *(.plt)

.iplt           0x000000000000800c        0x0
 *(.iplt)
 .iplt          0x000000000000800c        0x0 /usr/lib/gcc/arm-none-eabi/4.9.3/armv7-m/crtbegin.o

.text           0x000000000000800c     0x21d0
 *(.text.unlikely .text.*_unlikely .text.unlikely.*)
 *(.text.exit .text.exit.*)
 .text.exit     0x000000000000800c       0x20 /usr/lib/gcc/arm-none-eabi/4.9.3/../../../arm-none-eabi/lib/armv7-m/libg.a(lib_a-exit.o)
                0x000000000000800c                exit
 *(.text.startup .text.startup.*)
 .text.startup.register_fini
                0x000000000000802c       0x14 /usr/lib/gcc/arm-none-eabi/4.9.3/../../../arm-none-eabi/lib/armv7-m/libg.a(lib_a-__call_atexit.o)
 *(.text.hot .text.hot.*)
 *(.text .stub .text.* .gnu.linkonce.t.*)
 .text          0x0000000000008040       0xa4 /usr/lib/gcc/arm-none-eabi/4.9.3/armv7-m/crtbegin.o
 .text          0x00000000000080e4       0x68 /usr/lib/gcc/arm-none-eabi/4.9.3/../../../arm-none-eabi/lib/armv7-m/crt0.o
                0x00000000000080e4                _mainCRTStartup
                0x00000000000080e4                _start
 .text.main     0x000000000000814c       0x70 ./Src/main.o
                0x000000000000814c                main
 .text.SystemClock_Config
                0x00000000000081bc       0x90 ./Src/main.o
                0x00000000000081bc                SystemClock_Config
 .text.MX_I2C1_Init
                0x000000000000824c       0x64 ./Src/main.o
 .text.MX_GPIO_Init
                0x00000000000082b0       0x2c ./Src/main.o
 .text._Error_Handler
                0x00000000000082dc        0xc ./Src/main.o
                0x00000000000082dc                _Error_Handler
 .text.HAL_MspInit
                0x00000000000082e8       0xa0 ./Src/stm32f1xx_hal_msp.o
                0x00000000000082e8                HAL_MspInit
 .text.HAL_I2C_MspInit
                0x0000000000008388       0x54 ./Src/stm32f1xx_hal_msp.o
                0x0000000000008388                HAL_I2C_MspInit
 .text.HAL_Init
                0x00000000000083dc       0x2c ./Drivers/STM32F1xx_HAL_Driver/Src/stm32f1xx_hal.o
                0x00000000000083dc                HAL_Init
 .text.HAL_InitTick
                0x0000000000008408       0x38 ./Drivers/STM32F1xx_HAL_Driver/Src/stm32f1xx_hal.o
                0x0000000000008408                HAL_InitTick
 .text.HAL_GetTick
                0x0000000000008440       0x18 ./Drivers/STM32F1xx_HAL_Driver/Src/stm32f1xx_hal.o
                0x0000000000008440                HAL_GetTick
 .text.NVIC_SetPriorityGrouping
                0x0000000000008458       0x48 ./Drivers/STM32F1xx_HAL_Driver/Src/stm32f1xx_hal_cortex.o
 .text.NVIC_GetPriorityGrouping
                0x00000000000084a0       0x1c ./Drivers/STM32F1xx_HAL_Driver/Src/stm32f1xx_hal_cortex.o
 .text.NVIC_SetPriority
                0x00000000000084bc       0x54 ./Drivers/STM32F1xx_HAL_Driver/Src/stm32f1xx_hal_cortex.o
 .text.NVIC_EncodePriority
                0x0000000000008510       0x64 ./Drivers/STM32F1xx_HAL_Driver/Src/stm32f1xx_hal_cortex.o
 .text.SysTick_Config
                0x0000000000008574       0x44 ./Drivers/STM32F1xx_HAL_Driver/Src/stm32f1xx_hal_cortex.o
 .text.HAL_NVIC_SetPriorityGrouping
                0x00000000000085b8       0x14 ./Drivers/STM32F1xx_HAL_Driver/Src/stm32f1xx_hal_cortex.o
                0x00000000000085b8                HAL_NVIC_SetPriorityGrouping
 .text.HAL_NVIC_SetPriority
                0x00000000000085cc       0x38 ./Drivers/STM32F1xx_HAL_Driver/Src/stm32f1xx_hal_cortex.o
                0x00000000000085cc                HAL_NVIC_SetPriority
 .text.HAL_SYSTICK_Config
                0x0000000000008604       0x18 ./Drivers/STM32F1xx_HAL_Driver/Src/stm32f1xx_hal_cortex.o
                0x0000000000008604                HAL_SYSTICK_Config
 .text.HAL_SYSTICK_CLKSourceConfig
                0x000000000000861c       0x38 ./Drivers/STM32F1xx_HAL_Driver/Src/stm32f1xx_hal_cortex.o
                0x000000000000861c                HAL_SYSTICK_CLKSourceConfig
 .text.HAL_GPIO_Init
                0x0000000000008654      0x2bc ./Drivers/STM32F1xx_HAL_Driver/Src/stm32f1xx_hal_gpio.o
                0x0000000000008654                HAL_GPIO_Init
 .text.HAL_I2C_Init
                0x0000000000008910      0x1c0 ./Drivers/STM32F1xx_HAL_Driver/Src/stm32f1xx_hal_i2c.o
                0x0000000000008910                HAL_I2C_Init
 .text.HAL_I2C_Master_Transmit
                0x0000000000008ad0      0x21c ./Drivers/STM32F1xx_HAL_Driver/Src/stm32f1xx_hal_i2c.o
                0x0000000000008ad0                HAL_I2C_Master_Transmit
 .text.HAL_I2C_Master_Receive
                0x0000000000008cec      0x474 ./Drivers/STM32F1xx_HAL_Driver/Src/stm32f1xx_hal_i2c.o
                0x0000000000008cec                HAL_I2C_Master_Receive
 .text.I2C_MasterRequestWrite
                0x0000000000009160      0x100 ./Drivers/STM32F1xx_HAL_Driver/Src/stm32f1xx_hal_i2c.o
 .text.I2C_MasterRequestRead
                0x0000000000009260      0x18c ./Drivers/STM32F1xx_HAL_Driver/Src/stm32f1xx_hal_i2c.o
 .text.I2C_WaitOnFlagUntilTimeout
                0x00000000000093ec       0xa4 ./Drivers/STM32F1xx_HAL_Driver/Src/stm32f1xx_hal_i2c.o
 .text.I2C_WaitOnMasterAddressFlagUntilTimeout
                0x0000000000009490       0xdc ./Drivers/STM32F1xx_HAL_Driver/Src/stm32f1xx_hal_i2c.o
 .text.I2C_WaitOnTXEFlagUntilTimeout
                0x000000000000956c       0x7c ./Drivers/STM32F1xx_HAL_Driver/Src/stm32f1xx_hal_i2c.o
 .text.I2C_WaitOnBTFFlagUntilTimeout
                0x00000000000095e8       0x7c ./Drivers/STM32F1xx_HAL_Driver/Src/stm32f1xx_hal_i2c.o
 .text.I2C_WaitOnRXNEFlagUntilTimeout
                0x0000000000009664       0x94 ./Drivers/STM32F1xx_HAL_Driver/Src/stm32f1xx_hal_i2c.o
 .text.I2C_IsAcknowledgeFailed
                0x00000000000096f8       0x50 ./Drivers/STM32F1xx_HAL_Driver/Src/stm32f1xx_hal_i2c.o
 .text.HAL_RCC_OscConfig
                0x0000000000009748      0x4c4 ./Drivers/STM32F1xx_HAL_Driver/Src/stm32f1xx_hal_rcc.o
                0x0000000000009748                HAL_RCC_OscConfig
 .text.HAL_RCC_ClockConfig
                0x0000000000009c0c      0x1ec ./Drivers/STM32F1xx_HAL_Driver/Src/stm32f1xx_hal_rcc.o
                0x0000000000009c0c                HAL_RCC_ClockConfig
 .text.HAL_RCC_GetSysClockFreq
                0x0000000000009df8       0xc8 ./Drivers/STM32F1xx_HAL_Driver/Src/stm32f1xx_hal_rcc.o
                0x0000000000009df8                HAL_RCC_GetSysClockFreq
 .text.HAL_RCC_GetHCLKFreq
                0x0000000000009ec0       0x18 ./Drivers/STM32F1xx_HAL_Driver/Src/stm32f1xx_hal_rcc.o
                0x0000000000009ec0                HAL_RCC_GetHCLKFreq
 .text.HAL_RCC_GetPCLK1Freq
                0x0000000000009ed8       0x28 ./Drivers/STM32F1xx_HAL_Driver/Src/stm32f1xx_hal_rcc.o
                0x0000000000009ed8                HAL_RCC_GetPCLK1Freq
 .text.RCC_Delay
                0x0000000000009f00       0x3c ./Drivers/STM32F1xx_HAL_Driver/Src/stm32f1xx_hal_rcc.o
 .text.atexit   0x0000000000009f3c        0xc /usr/lib/gcc/arm-none-eabi/4.9.3/../../../arm-none-eabi/lib/armv7-m/libg.a(lib_a-atexit.o)
                0x0000000000009f3c                atexit
 .text.__libc_fini_array
                0x0000000000009f48       0x2c /usr/lib/gcc/arm-none-eabi/4.9.3/../../../arm-none-eabi/lib/armv7-m/libg.a(lib_a-fini.o)
                0x0000000000009f48                __libc_fini_array
 .text.__libc_init_array
                0x0000000000009f74       0x50 /usr/lib/gcc/arm-none-eabi/4.9.3/../../../arm-none-eabi/lib/armv7-m/libg.a(lib_a-init.o)
                0x0000000000009f74                __libc_init_array
 .text.memset   0x0000000000009fc4       0x9c /usr/lib/gcc/arm-none-eabi/4.9.3/../../../arm-none-eabi/lib/armv7-m/libg.a(lib_a-memset.o)
                0x0000000000009fc4                memset
 .text.__register_exitproc
                0x000000000000a060       0xa4 /usr/lib/gcc/arm-none-eabi/4.9.3/../../../arm-none-eabi/lib/armv7-m/libg.a(lib_a-__atexit.o)
                0x000000000000a060                __register_exitproc
 .text.__call_exitprocs
                0x000000000000a104       0xd4 /usr/lib/gcc/arm-none-eabi/4.9.3/../../../arm-none-eabi/lib/armv7-m/libg.a(lib_a-__call_atexit.o)
                0x000000000000a104                __call_exitprocs
 .text._exit    0x000000000000a1d8        0x4 /usr/lib/gcc/arm-none-eabi/4.9.3/../../../arm-none-eabi/lib/armv7-m/libnosys.a(_exit.o)
                0x000000000000a1d8                _exit
 *(.gnu.warning)
 *(.glue_7t)
 .glue_7t       0x000000000000a1dc        0x0 linker stubs
 *(.glue_7)
 .glue_7        0x000000000000a1dc        0x0 linker stubs
 *(.vfp11_veneer)
 .vfp11_veneer  0x000000000000a1dc        0x0 linker stubs
 *(.v4_bx)
 .v4_bx         0x000000000000a1dc        0x0 linker stubs

.fini           0x000000000000a1dc        0xc
 *(SORT(.fini))
 .fini          0x000000000000a1dc        0x4 /usr/lib/gcc/arm-none-eabi/4.9.3/armv7-m/crti.o
                0x000000000000a1dc                _fini
 .fini          0x000000000000a1e0        0x8 /usr/lib/gcc/arm-none-eabi/4.9.3/armv7-m/crtn.o
                [!provide]                        PROVIDE (__etext, .)
                [!provide]                        PROVIDE (_etext, .)
                [!provide]                        PROVIDE (etext, .)

.rodata         0x000000000000a1e8       0x44
 *(.rodata .rodata.* .gnu.linkonce.r.*)
 .rodata        0x000000000000a1e8        0xe ./Src/main.o
 *fill*         0x000000000000a1f6        0x2 
 .rodata.AHBPrescTable
                0x000000000000a1f8       0x10 ./Src/system_stm32f1xx.o
                0x000000000000a1f8                AHBPrescTable
 .rodata.APBPrescTable
                0x000000000000a208        0x8 ./Src/system_stm32f1xx.o
                0x000000000000a208                APBPrescTable
 .rodata        0x000000000000a210       0x12 ./Drivers/STM32F1xx_HAL_Driver/Src/stm32f1xx_hal_rcc.o
 *fill*         0x000000000000a222        0x2 
 .rodata.str1.4
                0x000000000000a224        0x4 /usr/lib/gcc/arm-none-eabi/4.9.3/../../../arm-none-eabi/lib/armv7-m/libg.a(lib_a-impure.o)
 .rodata._global_impure_ptr
                0x000000000000a228        0x4 /usr/lib/gcc/arm-none-eabi/4.9.3/../../../arm-none-eabi/lib/armv7-m/libg.a(lib_a-impure.o)
                0x000000000000a228                _global_impure_ptr

.rodata1
 *(.rodata1)

.ARM.extab
 *(.ARM.extab* .gnu.linkonce.armextab.*)
                [!provide]                        PROVIDE (__exidx_start, .)

.ARM.exidx      0x000000000000a22c        0x8
 *(.ARM.exidx* .gnu.linkonce.armexidx.*)
 .ARM.exidx     0x000000000000a22c        0x8 /usr/lib/gcc/arm-none-eabi/4.9.3/../../../arm-none-eabi/lib/armv7-m/crt0.o
                [!provide]                        PROVIDE (__exidx_end, .)

.eh_frame_hdr
 *(.eh_frame_hdr)
 *(.eh_frame_entry .eh_frame_entry.*)

.eh_frame       0x000000000000a234        0x4
 *(.eh_frame)
 .eh_frame      0x000000000000a234        0x0 /usr/lib/gcc/arm-none-eabi/4.9.3/armv7-m/crtbegin.o
 .eh_frame      0x000000000000a234        0x4 /usr/lib/gcc/arm-none-eabi/4.9.3/armv7-m/crtend.o
 *(.eh_frame.*)

.gcc_except_table
 *(.gcc_except_table .gcc_except_table.*)

.gnu_extab
 *(.gnu_extab*)

.exception_ranges
 *(.exception_ranges .exception_ranges*)
                0x000000000001a238                . = (ALIGN (0x10000) + (. & 0xffff))

.eh_frame
 *(.eh_frame)
 *(.eh_frame.*)

.gnu_extab
 *(.gnu_extab)

.gcc_except_table
 *(.gcc_except_table .gcc_except_table.*)

.exception_ranges
 *(.exception_ranges .exception_ranges*)

.tdata
 *(.tdata .tdata.* .gnu.linkonce.td.*)

.tbss
 *(.tbss .tbss.* .gnu.linkonce.tb.*)
 *(.tcommon)

.preinit_array  0x000000000001a238        0x0
                0x000000000001a238                PROVIDE (__preinit_array_start, .)
 *(.preinit_array)
                0x000000000001a238                PROVIDE (__preinit_array_end, .)

.init_array     0x000000000001a238        0x8
                0x000000000001a238                PROVIDE (__init_array_start, .)
 *(SORT(.init_array.*))
 .init_array.00000
                0x000000000001a238        0x4 /usr/lib/gcc/arm-none-eabi/4.9.3/../../../arm-none-eabi/lib/armv7-m/libg.a(lib_a-__call_atexit.o)
 *(.init_array)
 .init_array    0x000000000001a23c        0x4 /usr/lib/gcc/arm-none-eabi/4.9.3/armv7-m/crtbegin.o
                0x000000000001a240                PROVIDE (__init_array_end, .)

.fini_array     0x000000000001a240        0x4
                0x000000000001a240                PROVIDE (__fini_array_start, .)
 *(SORT(.fini_array.*))
 *(.fini_array)
 .fini_array    0x000000000001a240        0x4 /usr/lib/gcc/arm-none-eabi/4.9.3/armv7-m/crtbegin.o
                0x000000000001a244                PROVIDE (__fini_array_end, .)

.ctors
 *crtbegin.o(.ctors)
 *crtbegin?.o(.ctors)
 *(EXCLUDE_FILE(*crtend?.o *crtend.o) .ctors)
 *(SORT(.ctors.*))
 *(.ctors)

.dtors
 *crtbegin.o(.dtors)
 *crtbegin?.o(.dtors)
 *(EXCLUDE_FILE(*crtend?.o *crtend.o) .dtors)
 *(SORT(.dtors.*))
 *(.dtors)

.jcr            0x000000000001a244        0x4
 *(.jcr)
 .jcr           0x000000000001a244        0x0 /usr/lib/gcc/arm-none-eabi/4.9.3/armv7-m/crtbegin.o
 .jcr           0x000000000001a244        0x4 /usr/lib/gcc/arm-none-eabi/4.9.3/armv7-m/crtend.o

.data.rel.ro
 *(.data.rel.ro.local* .gnu.linkonce.d.rel.ro.local.*)
 *(.data.rel.ro .data.rel.ro.* .gnu.linkonce.d.rel.ro.*)

.dynamic
 *(.dynamic)

.got            0x000000000001a248        0x0
 *(.got.plt)
 *(.igot.plt)
 .igot.plt      0x000000000001a248        0x0 /usr/lib/gcc/arm-none-eabi/4.9.3/armv7-m/crtbegin.o
 *(.got)
 *(.igot)

.data           0x000000000001a248      0x430
                0x000000000001a248                __data_start = .
 *(.data .data.* .gnu.linkonce.d.*)
 .data.SystemCoreClock
                0x000000000001a248        0x4 ./Src/system_stm32f1xx.o
                0x000000000001a248                SystemCoreClock
 *fill*         0x000000000001a24c        0x4 
 .data.impure_data
                0x000000000001a250      0x428 /usr/lib/gcc/arm-none-eabi/4.9.3/../../../arm-none-eabi/lib/armv7-m/libg.a(lib_a-impure.o)

.tm_clone_table
                0x000000000001a678        0x0
 .tm_clone_table
                0x000000000001a678        0x0 /usr/lib/gcc/arm-none-eabi/4.9.3/armv7-m/crtbegin.o
 .tm_clone_table
                0x000000000001a678        0x0 /usr/lib/gcc/arm-none-eabi/4.9.3/armv7-m/crtend.o

.data1
 *(.data1)
                0x000000000001a678                _edata = .
                [!provide]                        PROVIDE (edata, .)
                0x000000000001a678                . = .
                0x000000000001a678                __bss_start = .
                0x000000000001a678                __bss_start__ = .

.bss            0x000000000001a678       0x74
 *(.dynbss)
 *(.bss .bss.* .gnu.linkonce.b.*)
 .bss           0x000000000001a678       0x1c /usr/lib/gcc/arm-none-eabi/4.9.3/armv7-m/crtbegin.o
 *(COMMON)
 COMMON         0x000000000001a694       0x54 ./Src/main.o
                0x000000000001a694                hi2c1
 COMMON         0x000000000001a6e8        0x4 ./Drivers/STM32F1xx_HAL_Driver/Src/stm32f1xx_hal.o
                0x000000000001a6e8                uwTick
                0x000000000001a6ec                . = ALIGN ((. != 0x0)?0x4:0x1)
                0x000000000001a6ec                _bss_end__ = .
                0x000000000001a6ec                __bss_end__ = .
                0x000000000001a6ec                . = ALIGN (0x4)
                0x000000000001a6ec                . = SEGMENT_START ("ldata-segment", .)
                0x000000000001a6ec                . = ALIGN (0x4)
                0x000000000001a6ec                __end__ = .
                0x000000000001a6ec                _end = .
                [!provide]                        PROVIDE (end, .)

.stab
 *(.stab)

.stabstr
 *(.stabstr)

.stab.excl
 *(.stab.excl)

.stab.exclstr
 *(.stab.exclstr)

.stab.index
 *(.stab.index)

.stab.indexstr
 *(.stab.indexstr)

.comment        0x0000000000000000       0x70
 *(.comment)
 .comment       0x0000000000000000       0x38 /usr/lib/gcc/arm-none-eabi/4.9.3/armv7-m/crtbegin.o
                                         0x39 (size before relaxing)
 .comment       0x0000000000000038       0x39 ./Src/main.o
 .comment       0x0000000000000038       0x39 ./Src/stm32f1xx_hal_msp.o
 .comment       0x0000000000000038       0x39 ./Src/stm32f1xx_it.o
 .comment       0x0000000000000038       0x39 ./Src/system_stm32f1xx.o
 .comment       0x0000000000000038       0x39 ./Drivers/STM32F1xx_HAL_Driver/Src/stm32f1xx_hal.o
 .comment       0x0000000000000038       0x39 ./Drivers/STM32F1xx_HAL_Driver/Src/stm32f1xx_hal_cortex.o
 .comment       0x0000000000000038       0x39 ./Drivers/STM32F1xx_HAL_Driver/Src/stm32f1xx_hal_dma.o
 .comment       0x0000000000000038       0x39 ./Drivers/STM32F1xx_HAL_Driver/Src/stm32f1xx_hal_flash.o
 .comment       0x0000000000000038       0x39 ./Drivers/STM32F1xx_HAL_Driver/Src/stm32f1xx_hal_flash_ex.o
 .comment       0x0000000000000038       0x39 ./Drivers/STM32F1xx_HAL_Driver/Src/stm32f1xx_hal_gpio.o
 .comment       0x0000000000000038       0x39 ./Drivers/STM32F1xx_HAL_Driver/Src/stm32f1xx_hal_gpio_ex.o
 .comment       0x0000000000000038       0x39 ./Drivers/STM32F1xx_HAL_Driver/Src/stm32f1xx_hal_i2c.o
 .comment       0x0000000000000038       0x39 ./Drivers/STM32F1xx_HAL_Driver/Src/stm32f1xx_hal_pwr.o
 .comment       0x0000000000000038       0x39 ./Drivers/STM32F1xx_HAL_Driver/Src/stm32f1xx_hal_rcc.o
 .comment       0x0000000000000038       0x39 ./Drivers/STM32F1xx_HAL_Driver/Src/stm32f1xx_hal_rcc_ex.o
 .comment       0x0000000000000038       0x39 ./Drivers/STM32F1xx_HAL_Driver/Src/stm32f1xx_hal_tim.o
 .comment       0x0000000000000038       0x39 ./Drivers/STM32F1xx_HAL_Driver/Src/stm32f1xx_hal_tim_ex.o
 .comment       0x0000000000000038       0x38 /usr/lib/gcc/arm-none-eabi/4.9.3/../../../arm-none-eabi/lib/armv7-m/libg.a(lib_a-atexit.o)
                                         0x39 (size before relaxing)
 .comment       0x0000000000000070       0x39 /usr/lib/gcc/arm-none-eabi/4.9.3/../../../arm-none-eabi/lib/armv7-m/libg.a(lib_a-exit.o)
 .comment       0x0000000000000070       0x39 /usr/lib/gcc/arm-none-eabi/4.9.3/../../../arm-none-eabi/lib/armv7-m/libg.a(lib_a-fini.o)
 .comment       0x0000000000000070       0x39 /usr/lib/gcc/arm-none-eabi/4.9.3/../../../arm-none-eabi/lib/armv7-m/libg.a(lib_a-impure.o)
 .comment       0x0000000000000070       0x39 /usr/lib/gcc/arm-none-eabi/4.9.3/../../../arm-none-eabi/lib/armv7-m/libg.a(lib_a-init.o)
 .comment       0x0000000000000070       0x39 /usr/lib/gcc/arm-none-eabi/4.9.3/../../../arm-none-eabi/lib/armv7-m/libg.a(lib_a-memset.o)
 .comment       0x0000000000000070       0x39 /usr/lib/gcc/arm-none-eabi/4.9.3/../../../arm-none-eabi/lib/armv7-m/libg.a(lib_a-__atexit.o)
 .comment       0x0000000000000070       0x39 /usr/lib/gcc/arm-none-eabi/4.9.3/../../../arm-none-eabi/lib/armv7-m/libg.a(lib_a-__call_atexit.o)
 .comment       0x0000000000000070       0x39 /usr/lib/gcc/arm-none-eabi/4.9.3/../../../arm-none-eabi/lib/armv7-m/libnosys.a(_exit.o)
 .comment       0x0000000000000070       0x39 /usr/lib/gcc/arm-none-eabi/4.9.3/armv7-m/crtend.o

.debug
 *(.debug)

.line
 *(.line)

.debug_srcinfo
 *(.debug_srcinfo)

.debug_sfnames
 *(.debug_sfnames)

.debug_aranges  0x0000000000000000      0xa18
 *(.debug_aranges)
 .debug_aranges
                0x0000000000000000       0x20 /usr/lib/gcc/arm-none-eabi/4.9.3/../../../arm-none-eabi/lib/armv7-m/crt0.o
 .debug_aranges
                0x0000000000000020       0x40 ./Src/main.o
 .debug_aranges
                0x0000000000000060       0x30 ./Src/stm32f1xx_hal_msp.o
 .debug_aranges
                0x0000000000000090       0x60 ./Src/stm32f1xx_it.o
 .debug_aranges
                0x00000000000000f0       0x28 ./Src/system_stm32f1xx.o
 .debug_aranges
                0x0000000000000118       0xb8 ./Drivers/STM32F1xx_HAL_Driver/Src/stm32f1xx_hal.o
 .debug_aranges
                0x00000000000001d0      0x100 ./Drivers/STM32F1xx_HAL_Driver/Src/stm32f1xx_hal_cortex.o
 .debug_aranges
                0x00000000000002d0       0x80 ./Drivers/STM32F1xx_HAL_Driver/Src/stm32f1xx_hal_dma.o
 .debug_aranges
                0x0000000000000350       0x88 ./Drivers/STM32F1xx_HAL_Driver/Src/stm32f1xx_hal_flash.o
 .debug_aranges
                0x00000000000003d8       0x98 ./Drivers/STM32F1xx_HAL_Driver/Src/stm32f1xx_hal_flash_ex.o
 .debug_aranges
                0x0000000000000470       0x58 ./Drivers/STM32F1xx_HAL_Driver/Src/stm32f1xx_hal_gpio.o
 .debug_aranges
                0x00000000000004c8       0x30 ./Drivers/STM32F1xx_HAL_Driver/Src/stm32f1xx_hal_gpio_ex.o
 .debug_aranges
                0x00000000000004f8      0x268 ./Drivers/STM32F1xx_HAL_Driver/Src/stm32f1xx_hal_i2c.o
 .debug_aranges
                0x0000000000000760       0xa8 ./Drivers/STM32F1xx_HAL_Driver/Src/stm32f1xx_hal_pwr.o
 .debug_aranges
                0x0000000000000808       0x90 ./Drivers/STM32F1xx_HAL_Driver/Src/stm32f1xx_hal_rcc.o
 .debug_aranges
                0x0000000000000898       0x30 ./Drivers/STM32F1xx_HAL_Driver/Src/stm32f1xx_hal_rcc_ex.o
 .debug_aranges
                0x00000000000008c8       0x18 ./Drivers/STM32F1xx_HAL_Driver/Src/stm32f1xx_hal_tim.o
 .debug_aranges
                0x00000000000008e0       0x18 ./Drivers/STM32F1xx_HAL_Driver/Src/stm32f1xx_hal_tim_ex.o
 .debug_aranges
                0x00000000000008f8       0x20 /usr/lib/gcc/arm-none-eabi/4.9.3/../../../arm-none-eabi/lib/armv7-m/libg.a(lib_a-atexit.o)
 .debug_aranges
                0x0000000000000918       0x20 /usr/lib/gcc/arm-none-eabi/4.9.3/../../../arm-none-eabi/lib/armv7-m/libg.a(lib_a-exit.o)
 .debug_aranges
                0x0000000000000938       0x20 /usr/lib/gcc/arm-none-eabi/4.9.3/../../../arm-none-eabi/lib/armv7-m/libg.a(lib_a-fini.o)
 .debug_aranges
                0x0000000000000958       0x18 /usr/lib/gcc/arm-none-eabi/4.9.3/../../../arm-none-eabi/lib/armv7-m/libg.a(lib_a-impure.o)
 .debug_aranges
                0x0000000000000970       0x20 /usr/lib/gcc/arm-none-eabi/4.9.3/../../../arm-none-eabi/lib/armv7-m/libg.a(lib_a-init.o)
 .debug_aranges
                0x0000000000000990       0x20 /usr/lib/gcc/arm-none-eabi/4.9.3/../../../arm-none-eabi/lib/armv7-m/libg.a(lib_a-memset.o)
 .debug_aranges
                0x00000000000009b0       0x20 /usr/lib/gcc/arm-none-eabi/4.9.3/../../../arm-none-eabi/lib/armv7-m/libg.a(lib_a-__atexit.o)
 .debug_aranges
                0x00000000000009d0       0x28 /usr/lib/gcc/arm-none-eabi/4.9.3/../../../arm-none-eabi/lib/armv7-m/libg.a(lib_a-__call_atexit.o)
 .debug_aranges
                0x00000000000009f8       0x20 /usr/lib/gcc/arm-none-eabi/4.9.3/../../../arm-none-eabi/lib/armv7-m/libnosys.a(_exit.o)

.debug_pubnames
 *(.debug_pubnames)

.debug_info     0x0000000000000000     0xa0ce
 *(.debug_info .gnu.linkonce.wi.*)
 .debug_info    0x0000000000000000       0xa8 /usr/lib/gcc/arm-none-eabi/4.9.3/../../../arm-none-eabi/lib/armv7-m/crt0.o
 .debug_info    0x00000000000000a8      0x97d ./Src/main.o
 .debug_info    0x0000000000000a25      0x90e ./Src/stm32f1xx_hal_msp.o
 .debug_info    0x0000000000001333      0x145 ./Src/stm32f1xx_it.o
 .debug_info    0x0000000000001478      0x3bc ./Src/system_stm32f1xx.o
 .debug_info    0x0000000000001834      0x5cb ./Drivers/STM32F1xx_HAL_Driver/Src/stm32f1xx_hal.o
 .debug_info    0x0000000000001dff      0xaa7 ./Drivers/STM32F1xx_HAL_Driver/Src/stm32f1xx_hal_cortex.o
 .debug_info    0x00000000000028a6      0x6ed ./Drivers/STM32F1xx_HAL_Driver/Src/stm32f1xx_hal_dma.o
 .debug_info    0x0000000000002f93      0x4ec ./Drivers/STM32F1xx_HAL_Driver/Src/stm32f1xx_hal_flash.o
 .debug_info    0x000000000000347f      0x784 ./Drivers/STM32F1xx_HAL_Driver/Src/stm32f1xx_hal_flash_ex.o
 .debug_info    0x0000000000003c03      0x5ed ./Drivers/STM32F1xx_HAL_Driver/Src/stm32f1xx_hal_gpio.o
 .debug_info    0x00000000000041f0      0x187 ./Drivers/STM32F1xx_HAL_Driver/Src/stm32f1xx_hal_gpio_ex.o
 .debug_info    0x0000000000004377     0x2117 ./Drivers/STM32F1xx_HAL_Driver/Src/stm32f1xx_hal_i2c.o
 .debug_info    0x000000000000648e      0x6c3 ./Drivers/STM32F1xx_HAL_Driver/Src/stm32f1xx_hal_pwr.o
 .debug_info    0x0000000000006b51      0x7b9 ./Drivers/STM32F1xx_HAL_Driver/Src/stm32f1xx_hal_rcc.o
 .debug_info    0x000000000000730a      0x3ba ./Drivers/STM32F1xx_HAL_Driver/Src/stm32f1xx_hal_rcc_ex.o
 .debug_info    0x00000000000076c4       0xa4 ./Drivers/STM32F1xx_HAL_Driver/Src/stm32f1xx_hal_tim.o
 .debug_info    0x0000000000007768       0xa4 ./Drivers/STM32F1xx_HAL_Driver/Src/stm32f1xx_hal_tim_ex.o
 .debug_info    0x000000000000780c      0x10a /usr/lib/gcc/arm-none-eabi/4.9.3/../../../arm-none-eabi/lib/armv7-m/libg.a(lib_a-atexit.o)
 .debug_info    0x0000000000007916      0x8e4 /usr/lib/gcc/arm-none-eabi/4.9.3/../../../arm-none-eabi/lib/armv7-m/libg.a(lib_a-exit.o)
 .debug_info    0x00000000000081fa       0xef /usr/lib/gcc/arm-none-eabi/4.9.3/../../../arm-none-eabi/lib/armv7-m/libg.a(lib_a-fini.o)
 .debug_info    0x00000000000082e9      0x894 /usr/lib/gcc/arm-none-eabi/4.9.3/../../../arm-none-eabi/lib/armv7-m/libg.a(lib_a-impure.o)
 .debug_info    0x0000000000008b7d      0x105 /usr/lib/gcc/arm-none-eabi/4.9.3/../../../arm-none-eabi/lib/armv7-m/libg.a(lib_a-init.o)
 .debug_info    0x0000000000008c82      0x117 /usr/lib/gcc/arm-none-eabi/4.9.3/../../../arm-none-eabi/lib/armv7-m/libg.a(lib_a-memset.o)
 .debug_info    0x0000000000008d99      0x934 /usr/lib/gcc/arm-none-eabi/4.9.3/../../../arm-none-eabi/lib/armv7-m/libg.a(lib_a-__atexit.o)
 .debug_info    0x00000000000096cd      0x9a9 /usr/lib/gcc/arm-none-eabi/4.9.3/../../../arm-none-eabi/lib/armv7-m/libg.a(lib_a-__call_atexit.o)
 .debug_info    0x000000000000a076       0x58 /usr/lib/gcc/arm-none-eabi/4.9.3/../../../arm-none-eabi/lib/armv7-m/libnosys.a(_exit.o)

.debug_abbrev   0x0000000000000000     0x247c
 *(.debug_abbrev)
 .debug_abbrev  0x0000000000000000       0x14 /usr/lib/gcc/arm-none-eabi/4.9.3/../../../arm-none-eabi/lib/armv7-m/crt0.o
 .debug_abbrev  0x0000000000000014      0x1a1 ./Src/main.o
 .debug_abbrev  0x00000000000001b5      0x14d ./Src/stm32f1xx_hal_msp.o
 .debug_abbrev  0x0000000000000302       0x82 ./Src/stm32f1xx_it.o
 .debug_abbrev  0x0000000000000384      0x123 ./Src/system_stm32f1xx.o
 .debug_abbrev  0x00000000000004a7      0x1c2 ./Drivers/STM32F1xx_HAL_Driver/Src/stm32f1xx_hal.o
 .debug_abbrev  0x0000000000000669      0x29c ./Drivers/STM32F1xx_HAL_Driver/Src/stm32f1xx_hal_cortex.o
 .debug_abbrev  0x0000000000000905      0x1b6 ./Drivers/STM32F1xx_HAL_Driver/Src/stm32f1xx_hal_dma.o
 .debug_abbrev  0x0000000000000abb      0x1c8 ./Drivers/STM32F1xx_HAL_Driver/Src/stm32f1xx_hal_flash.o
 .debug_abbrev  0x0000000000000c83      0x1fe ./Drivers/STM32F1xx_HAL_Driver/Src/stm32f1xx_hal_flash_ex.o
 .debug_abbrev  0x0000000000000e81      0x1ad ./Drivers/STM32F1xx_HAL_Driver/Src/stm32f1xx_hal_gpio.o
 .debug_abbrev  0x000000000000102e       0xce ./Drivers/STM32F1xx_HAL_Driver/Src/stm32f1xx_hal_gpio_ex.o
 .debug_abbrev  0x00000000000010fc      0x21c ./Drivers/STM32F1xx_HAL_Driver/Src/stm32f1xx_hal_i2c.o
 .debug_abbrev  0x0000000000001318      0x1fd ./Drivers/STM32F1xx_HAL_Driver/Src/stm32f1xx_hal_pwr.o
 .debug_abbrev  0x0000000000001515      0x24c ./Drivers/STM32F1xx_HAL_Driver/Src/stm32f1xx_hal_rcc.o
 .debug_abbrev  0x0000000000001761      0x162 ./Drivers/STM32F1xx_HAL_Driver/Src/stm32f1xx_hal_rcc_ex.o
 .debug_abbrev  0x00000000000018c3       0x4e ./Drivers/STM32F1xx_HAL_Driver/Src/stm32f1xx_hal_tim.o
 .debug_abbrev  0x0000000000001911       0x4e ./Drivers/STM32F1xx_HAL_Driver/Src/stm32f1xx_hal_tim_ex.o
 .debug_abbrev  0x000000000000195f       0xb8 /usr/lib/gcc/arm-none-eabi/4.9.3/../../../arm-none-eabi/lib/armv7-m/libg.a(lib_a-atexit.o)
 .debug_abbrev  0x0000000000001a17      0x1e6 /usr/lib/gcc/arm-none-eabi/4.9.3/../../../arm-none-eabi/lib/armv7-m/libg.a(lib_a-exit.o)
 .debug_abbrev  0x0000000000001bfd       0xbd /usr/lib/gcc/arm-none-eabi/4.9.3/../../../arm-none-eabi/lib/armv7-m/libg.a(lib_a-fini.o)
 .debug_abbrev  0x0000000000001cba      0x180 /usr/lib/gcc/arm-none-eabi/4.9.3/../../../arm-none-eabi/lib/armv7-m/libg.a(lib_a-impure.o)
 .debug_abbrev  0x0000000000001e3a       0xba /usr/lib/gcc/arm-none-eabi/4.9.3/../../../arm-none-eabi/lib/armv7-m/libg.a(lib_a-init.o)
 .debug_abbrev  0x0000000000001ef4       0x9f /usr/lib/gcc/arm-none-eabi/4.9.3/../../../arm-none-eabi/lib/armv7-m/libg.a(lib_a-memset.o)
 .debug_abbrev  0x0000000000001f93      0x20f /usr/lib/gcc/arm-none-eabi/4.9.3/../../../arm-none-eabi/lib/armv7-m/libg.a(lib_a-__atexit.o)
 .debug_abbrev  0x00000000000021a2      0x285 /usr/lib/gcc/arm-none-eabi/4.9.3/../../../arm-none-eabi/lib/armv7-m/libg.a(lib_a-__call_atexit.o)
 .debug_abbrev  0x0000000000002427       0x55 /usr/lib/gcc/arm-none-eabi/4.9.3/../../../arm-none-eabi/lib/armv7-m/libnosys.a(_exit.o)

.debug_line     0x0000000000000000     0x853a
 *(.debug_line .debug_line.* .debug_line_end)
 .debug_line    0x0000000000000000       0x7b /usr/lib/gcc/arm-none-eabi/4.9.3/../../../arm-none-eabi/lib/armv7-m/crt0.o
 .debug_line    0x000000000000007b      0x59e ./Src/main.o
 .debug_line    0x0000000000000619      0x563 ./Src/stm32f1xx_hal_msp.o
 .debug_line    0x0000000000000b7c      0x5d3 ./Src/stm32f1xx_it.o
 .debug_line    0x000000000000114f      0x298 ./Src/system_stm32f1xx.o
 .debug_line    0x00000000000013e7      0x6b5 ./Drivers/STM32F1xx_HAL_Driver/Src/stm32f1xx_hal.o
 .debug_line    0x0000000000001a9c      0x7e1 ./Drivers/STM32F1xx_HAL_Driver/Src/stm32f1xx_hal_cortex.o
 .debug_line    0x000000000000227d      0x97f ./Drivers/STM32F1xx_HAL_Driver/Src/stm32f1xx_hal_dma.o
 .debug_line    0x0000000000002bfc      0x731 ./Drivers/STM32F1xx_HAL_Driver/Src/stm32f1xx_hal_flash.o
 .debug_line    0x000000000000332d      0x783 ./Drivers/STM32F1xx_HAL_Driver/Src/stm32f1xx_hal_flash_ex.o
 .debug_line    0x0000000000003ab0      0x723 ./Drivers/STM32F1xx_HAL_Driver/Src/stm32f1xx_hal_gpio.o
 .debug_line    0x00000000000041d3      0x573 ./Drivers/STM32F1xx_HAL_Driver/Src/stm32f1xx_hal_gpio_ex.o
 .debug_line    0x0000000000004746     0x15b5 ./Drivers/STM32F1xx_HAL_Driver/Src/stm32f1xx_hal_i2c.o
 .debug_line    0x0000000000005cfb      0x6db ./Drivers/STM32F1xx_HAL_Driver/Src/stm32f1xx_hal_pwr.o
 .debug_line    0x00000000000063d6      0x7b5 ./Drivers/STM32F1xx_HAL_Driver/Src/stm32f1xx_hal_rcc.o
 .debug_line    0x0000000000006b8b      0x5ea ./Drivers/STM32F1xx_HAL_Driver/Src/stm32f1xx_hal_rcc_ex.o
 .debug_line    0x0000000000007175      0x539 ./Drivers/STM32F1xx_HAL_Driver/Src/stm32f1xx_hal_tim.o
 .debug_line    0x00000000000076ae      0x53c ./Drivers/STM32F1xx_HAL_Driver/Src/stm32f1xx_hal_tim_ex.o
 .debug_line    0x0000000000007bea       0xc1 /usr/lib/gcc/arm-none-eabi/4.9.3/../../../arm-none-eabi/lib/armv7-m/libg.a(lib_a-atexit.o)
 .debug_line    0x0000000000007cab      0x175 /usr/lib/gcc/arm-none-eabi/4.9.3/../../../arm-none-eabi/lib/armv7-m/libg.a(lib_a-exit.o)
 .debug_line    0x0000000000007e20       0x9c /usr/lib/gcc/arm-none-eabi/4.9.3/../../../arm-none-eabi/lib/armv7-m/libg.a(lib_a-fini.o)
 .debug_line    0x0000000000007ebc       0xf1 /usr/lib/gcc/arm-none-eabi/4.9.3/../../../arm-none-eabi/lib/armv7-m/libg.a(lib_a-impure.o)
 .debug_line    0x0000000000007fad       0xb6 /usr/lib/gcc/arm-none-eabi/4.9.3/../../../arm-none-eabi/lib/armv7-m/libg.a(lib_a-init.o)
 .debug_line    0x0000000000008063      0x119 /usr/lib/gcc/arm-none-eabi/4.9.3/../../../arm-none-eabi/lib/armv7-m/libg.a(lib_a-memset.o)
 .debug_line    0x000000000000817c      0x19c /usr/lib/gcc/arm-none-eabi/4.9.3/../../../arm-none-eabi/lib/armv7-m/libg.a(lib_a-__atexit.o)
 .debug_line    0x0000000000008318      0x1c5 /usr/lib/gcc/arm-none-eabi/4.9.3/../../../arm-none-eabi/lib/armv7-m/libg.a(lib_a-__call_atexit.o)
 .debug_line    0x00000000000084dd       0x5d /usr/lib/gcc/arm-none-eabi/4.9.3/../../../arm-none-eabi/lib/armv7-m/libnosys.a(_exit.o)

.debug_frame    0x0000000000000000     0x2350
 *(.debug_frame)
 .debug_frame   0x0000000000000000       0xb4 ./Src/main.o
 .debug_frame   0x00000000000000b4       0x7c ./Src/stm32f1xx_hal_msp.o
 .debug_frame   0x0000000000000130      0x10c ./Src/stm32f1xx_it.o
 .debug_frame   0x000000000000023c       0x58 ./Src/system_stm32f1xx.o
 .debug_frame   0x0000000000000294      0x298 ./Drivers/STM32F1xx_HAL_Driver/Src/stm32f1xx_hal.o
 .debug_frame   0x000000000000052c      0x428 ./Drivers/STM32F1xx_HAL_Driver/Src/stm32f1xx_hal_cortex.o
 .debug_frame   0x0000000000000954      0x20c ./Drivers/STM32F1xx_HAL_Driver/Src/stm32f1xx_hal_dma.o
 .debug_frame   0x0000000000000b60      0x208 ./Drivers/STM32F1xx_HAL_Driver/Src/stm32f1xx_hal_flash.o
 .debug_frame   0x0000000000000d68      0x258 ./Drivers/STM32F1xx_HAL_Driver/Src/stm32f1xx_hal_flash_ex.o
 .debug_frame   0x0000000000000fc0      0x14c ./Drivers/STM32F1xx_HAL_Driver/Src/stm32f1xx_hal_gpio.o
 .debug_frame   0x000000000000110c       0x78 ./Drivers/STM32F1xx_HAL_Driver/Src/stm32f1xx_hal_gpio_ex.o
 .debug_frame   0x0000000000001184      0xb40 ./Drivers/STM32F1xx_HAL_Driver/Src/stm32f1xx_hal_i2c.o
 .debug_frame   0x0000000000001cc4      0x270 ./Drivers/STM32F1xx_HAL_Driver/Src/stm32f1xx_hal_pwr.o
 .debug_frame   0x0000000000001f34      0x218 ./Drivers/STM32F1xx_HAL_Driver/Src/stm32f1xx_hal_rcc.o
 .debug_frame   0x000000000000214c       0x84 ./Drivers/STM32F1xx_HAL_Driver/Src/stm32f1xx_hal_rcc_ex.o
 .debug_frame   0x00000000000021d0       0x20 /usr/lib/gcc/arm-none-eabi/4.9.3/../../../arm-none-eabi/lib/armv7-m/libg.a(lib_a-atexit.o)
 .debug_frame   0x00000000000021f0       0x28 /usr/lib/gcc/arm-none-eabi/4.9.3/../../../arm-none-eabi/lib/armv7-m/libg.a(lib_a-exit.o)
 .debug_frame   0x0000000000002218       0x34 /usr/lib/gcc/arm-none-eabi/4.9.3/../../../arm-none-eabi/lib/armv7-m/libg.a(lib_a-fini.o)
 .debug_frame   0x000000000000224c       0x2c /usr/lib/gcc/arm-none-eabi/4.9.3/../../../arm-none-eabi/lib/armv7-m/libg.a(lib_a-init.o)
 .debug_frame   0x0000000000002278       0x34 /usr/lib/gcc/arm-none-eabi/4.9.3/../../../arm-none-eabi/lib/armv7-m/libg.a(lib_a-memset.o)
 .debug_frame   0x00000000000022ac       0x34 /usr/lib/gcc/arm-none-eabi/4.9.3/../../../arm-none-eabi/lib/armv7-m/libg.a(lib_a-__atexit.o)
 .debug_frame   0x00000000000022e0       0x50 /usr/lib/gcc/arm-none-eabi/4.9.3/../../../arm-none-eabi/lib/armv7-m/libg.a(lib_a-__call_atexit.o)
 .debug_frame   0x0000000000002330       0x20 /usr/lib/gcc/arm-none-eabi/4.9.3/../../../arm-none-eabi/lib/armv7-m/libnosys.a(_exit.o)

.debug_str      0x0000000000000000    0x6a64d
 *(.debug_str)
 .debug_str     0x0000000000000000    0x674ae ./Src/main.o
                                      0x67845 (size before relaxing)
 .debug_str     0x00000000000674ae       0xb9 ./Src/stm32f1xx_hal_msp.o
                                      0x6774b (size before relaxing)
 .debug_str     0x0000000000067567       0xb8 ./Src/stm32f1xx_it.o
                                      0x66f99 (size before relaxing)
 .debug_str     0x000000000006761f      0x10f ./Src/system_stm32f1xx.o
                                      0x54f77 (size before relaxing)
 .debug_str     0x000000000006772e      0x379 ./Drivers/STM32F1xx_HAL_Driver/Src/stm32f1xx_hal.o
                                      0x675cf (size before relaxing)
 .debug_str     0x0000000000067aa7      0x2c8 ./Drivers/STM32F1xx_HAL_Driver/Src/stm32f1xx_hal_cortex.o
                                      0x67621 (size before relaxing)
 .debug_str     0x0000000000067d6f      0x244 ./Drivers/STM32F1xx_HAL_Driver/Src/stm32f1xx_hal_dma.o
                                      0x67367 (size before relaxing)
 .debug_str     0x0000000000067fb3      0x286 ./Drivers/STM32F1xx_HAL_Driver/Src/stm32f1xx_hal_flash.o
                                      0x67274 (size before relaxing)
 .debug_str     0x0000000000068239      0x369 ./Drivers/STM32F1xx_HAL_Driver/Src/stm32f1xx_hal_flash_ex.o
                                      0x67438 (size before relaxing)
 .debug_str     0x00000000000685a2      0x342 ./Drivers/STM32F1xx_HAL_Driver/Src/stm32f1xx_hal_gpio.o
                                      0x67356 (size before relaxing)
 .debug_str     0x00000000000688e4       0xaa ./Drivers/STM32F1xx_HAL_Driver/Src/stm32f1xx_hal_gpio_ex.o
                                      0x66fcd (size before relaxing)
 .debug_str     0x000000000006898e      0xa46 ./Drivers/STM32F1xx_HAL_Driver/Src/stm32f1xx_hal_i2c.o
                                      0x67e6e (size before relaxing)
 .debug_str     0x00000000000693d4      0x52b ./Drivers/STM32F1xx_HAL_Driver/Src/stm32f1xx_hal_pwr.o
                                      0x67513 (size before relaxing)
 .debug_str     0x00000000000698ff      0x241 ./Drivers/STM32F1xx_HAL_Driver/Src/stm32f1xx_hal_rcc.o
                                      0x673c2 (size before relaxing)
 .debug_str     0x0000000000069b40      0x12b ./Drivers/STM32F1xx_HAL_Driver/Src/stm32f1xx_hal_rcc_ex.o
                                      0x67128 (size before relaxing)
 .debug_str     0x0000000000069c6b       0x38 ./Drivers/STM32F1xx_HAL_Driver/Src/stm32f1xx_hal_tim.o
                                      0x66f19 (size before relaxing)
 .debug_str     0x0000000000069ca3       0x3b ./Drivers/STM32F1xx_HAL_Driver/Src/stm32f1xx_hal_tim_ex.o
                                      0x66f1c (size before relaxing)
 .debug_str     0x0000000000069cde      0x15f /usr/lib/gcc/arm-none-eabi/4.9.3/../../../arm-none-eabi/lib/armv7-m/libg.a(lib_a-atexit.o)
                                        0x1f8 (size before relaxing)
 .debug_str     0x0000000000069e3d      0x3d6 /usr/lib/gcc/arm-none-eabi/4.9.3/../../../arm-none-eabi/lib/armv7-m/libg.a(lib_a-exit.o)
                                        0x595 (size before relaxing)
 .debug_str     0x000000000006a213       0xc3 /usr/lib/gcc/arm-none-eabi/4.9.3/../../../arm-none-eabi/lib/armv7-m/libg.a(lib_a-fini.o)
                                        0x1f0 (size before relaxing)
 .debug_str     0x000000000006a2d6       0x9d /usr/lib/gcc/arm-none-eabi/4.9.3/../../../arm-none-eabi/lib/armv7-m/libg.a(lib_a-impure.o)
                                        0x58c (size before relaxing)
 .debug_str     0x000000000006a373       0x90 /usr/lib/gcc/arm-none-eabi/4.9.3/../../../arm-none-eabi/lib/armv7-m/libg.a(lib_a-init.o)
                                        0x21a (size before relaxing)
 .debug_str     0x000000000006a403       0xae /usr/lib/gcc/arm-none-eabi/4.9.3/../../../arm-none-eabi/lib/armv7-m/libg.a(lib_a-memset.o)
                                        0x1cf (size before relaxing)
 .debug_str     0x000000000006a4b1       0x30 /usr/lib/gcc/arm-none-eabi/4.9.3/../../../arm-none-eabi/lib/armv7-m/libg.a(lib_a-__atexit.o)
                                        0x5d4 (size before relaxing)
 .debug_str     0x000000000006a4e1       0x70 /usr/lib/gcc/arm-none-eabi/4.9.3/../../../arm-none-eabi/lib/armv7-m/libg.a(lib_a-__call_atexit.o)
                                        0x5ec (size before relaxing)
 .debug_str     0x000000000006a551       0xfc /usr/lib/gcc/arm-none-eabi/4.9.3/../../../arm-none-eabi/lib/armv7-m/libnosys.a(_exit.o)
                                        0x102 (size before relaxing)

.debug_loc      0x0000000000000000      0x5df
 *(.debug_loc)
 .debug_loc     0x0000000000000000       0x2c /usr/lib/gcc/arm-none-eabi/4.9.3/../../../arm-none-eabi/lib/armv7-m/libg.a(lib_a-atexit.o)
 .debug_loc     0x000000000000002c       0x1e /usr/lib/gcc/arm-none-eabi/4.9.3/../../../arm-none-eabi/lib/armv7-m/libg.a(lib_a-exit.o)
 .debug_loc     0x000000000000004a       0x5c /usr/lib/gcc/arm-none-eabi/4.9.3/../../../arm-none-eabi/lib/armv7-m/libg.a(lib_a-fini.o)
 .debug_loc     0x00000000000000a6       0xae /usr/lib/gcc/arm-none-eabi/4.9.3/../../../arm-none-eabi/lib/armv7-m/libg.a(lib_a-init.o)
 .debug_loc     0x0000000000000154      0x1ae /usr/lib/gcc/arm-none-eabi/4.9.3/../../../arm-none-eabi/lib/armv7-m/libg.a(lib_a-memset.o)
 .debug_loc     0x0000000000000302      0x197 /usr/lib/gcc/arm-none-eabi/4.9.3/../../../arm-none-eabi/lib/armv7-m/libg.a(lib_a-__atexit.o)
 .debug_loc     0x0000000000000499      0x146 /usr/lib/gcc/arm-none-eabi/4.9.3/../../../arm-none-eabi/lib/armv7-m/libg.a(lib_a-__call_atexit.o)

.debug_macinfo
 *(.debug_macinfo)

.debug_weaknames
 *(.debug_weaknames)

.debug_funcnames
 *(.debug_funcnames)

.debug_typenames
 *(.debug_typenames)

.debug_varnames
 *(.debug_varnames)

.debug_pubtypes
 *(.debug_pubtypes)

.debug_ranges   0x0000000000000000      0x858
 *(.debug_ranges)
 .debug_ranges  0x0000000000000000       0x30 ./Src/main.o
 .debug_ranges  0x0000000000000030       0x20 ./Src/stm32f1xx_hal_msp.o
 .debug_ranges  0x0000000000000050       0x50 ./Src/stm32f1xx_it.o
 .debug_ranges  0x00000000000000a0       0x18 ./Src/system_stm32f1xx.o
 .debug_ranges  0x00000000000000b8       0xa8 ./Drivers/STM32F1xx_HAL_Driver/Src/stm32f1xx_hal.o
 .debug_ranges  0x0000000000000160       0xf0 ./Drivers/STM32F1xx_HAL_Driver/Src/stm32f1xx_hal_cortex.o
 .debug_ranges  0x0000000000000250       0x70 ./Drivers/STM32F1xx_HAL_Driver/Src/stm32f1xx_hal_dma.o
 .debug_ranges  0x00000000000002c0       0x78 ./Drivers/STM32F1xx_HAL_Driver/Src/stm32f1xx_hal_flash.o
 .debug_ranges  0x0000000000000338       0x88 ./Drivers/STM32F1xx_HAL_Driver/Src/stm32f1xx_hal_flash_ex.o
 .debug_ranges  0x00000000000003c0       0x48 ./Drivers/STM32F1xx_HAL_Driver/Src/stm32f1xx_hal_gpio.o
 .debug_ranges  0x0000000000000408       0x20 ./Drivers/STM32F1xx_HAL_Driver/Src/stm32f1xx_hal_gpio_ex.o
 .debug_ranges  0x0000000000000428      0x258 ./Drivers/STM32F1xx_HAL_Driver/Src/stm32f1xx_hal_i2c.o
 .debug_ranges  0x0000000000000680       0x98 ./Drivers/STM32F1xx_HAL_Driver/Src/stm32f1xx_hal_pwr.o
 .debug_ranges  0x0000000000000718       0x80 ./Drivers/STM32F1xx_HAL_Driver/Src/stm32f1xx_hal_rcc.o
 .debug_ranges  0x0000000000000798       0x20 ./Drivers/STM32F1xx_HAL_Driver/Src/stm32f1xx_hal_rcc_ex.o
 .debug_ranges  0x00000000000007b8       0x10 /usr/lib/gcc/arm-none-eabi/4.9.3/../../../arm-none-eabi/lib/armv7-m/libg.a(lib_a-atexit.o)
 .debug_ranges  0x00000000000007c8       0x10 /usr/lib/gcc/arm-none-eabi/4.9.3/../../../arm-none-eabi/lib/armv7-m/libg.a(lib_a-exit.o)
 .debug_ranges  0x00000000000007d8       0x10 /usr/lib/gcc/arm-none-eabi/4.9.3/../../../arm-none-eabi/lib/armv7-m/libg.a(lib_a-fini.o)
 .debug_ranges  0x00000000000007e8       0x10 /usr/lib/gcc/arm-none-eabi/4.9.3/../../../arm-none-eabi/lib/armv7-m/libg.a(lib_a-init.o)
 .debug_ranges  0x00000000000007f8       0x10 /usr/lib/gcc/arm-none-eabi/4.9.3/../../../arm-none-eabi/lib/armv7-m/libg.a(lib_a-memset.o)
 .debug_ranges  0x0000000000000808       0x10 /usr/lib/gcc/arm-none-eabi/4.9.3/../../../arm-none-eabi/lib/armv7-m/libg.a(lib_a-__atexit.o)
 .debug_ranges  0x0000000000000818       0x30 /usr/lib/gcc/arm-none-eabi/4.9.3/../../../arm-none-eabi/lib/armv7-m/libg.a(lib_a-__call_atexit.o)
 .debug_ranges  0x0000000000000848       0x10 /usr/lib/gcc/arm-none-eabi/4.9.3/../../../arm-none-eabi/lib/armv7-m/libnosys.a(_exit.o)

.debug_macro    0x0000000000000000    0x14ab2
 *(.debug_macro)
 .debug_macro   0x0000000000000000      0x255 ./Src/main.o
 .debug_macro   0x0000000000000255      0x868 ./Src/main.o
 .debug_macro   0x0000000000000abd       0x10 ./Src/main.o
 .debug_macro   0x0000000000000acd      0x163 ./Src/main.o
 .debug_macro   0x0000000000000c30       0x2e ./Src/main.o
 .debug_macro   0x0000000000000c5e       0x22 ./Src/main.o
 .debug_macro   0x0000000000000c80       0x22 ./Src/main.o
 .debug_macro   0x0000000000000ca2       0x44 ./Src/main.o
 .debug_macro   0x0000000000000ce6       0xe3 ./Src/main.o
 .debug_macro   0x0000000000000dc9       0x22 ./Src/main.o
 .debug_macro   0x0000000000000deb      0x1df ./Src/main.o
 .debug_macro   0x0000000000000fca       0x34 ./Src/main.o
 .debug_macro   0x0000000000000ffe       0x34 ./Src/main.o
 .debug_macro   0x0000000000001032      0xb8e ./Src/main.o
 .debug_macro   0x0000000000001bc0     0xe90a ./Src/main.o
 .debug_macro   0x00000000000104ca       0x43 ./Src/main.o
 .debug_macro   0x000000000001050d       0x58 ./Src/main.o
 .debug_macro   0x0000000000010565       0x35 ./Src/main.o
 .debug_macro   0x000000000001059a       0x9c ./Src/main.o
 .debug_macro   0x0000000000010636       0x16 ./Src/main.o
 .debug_macro   0x000000000001064c       0x97 ./Src/main.o
 .debug_macro   0x00000000000106e3      0x27a ./Src/main.o
 .debug_macro   0x000000000001095d       0xf6 ./Src/main.o
 .debug_macro   0x0000000000010a53       0x10 ./Src/main.o
 .debug_macro   0x0000000000010a63       0x52 ./Src/main.o
 .debug_macro   0x0000000000010ab5       0x16 ./Src/main.o
 .debug_macro   0x0000000000010acb       0x43 ./Src/main.o
 .debug_macro   0x0000000000010b0e      0x180 ./Src/main.o
 .debug_macro   0x0000000000010c8e       0x10 ./Src/main.o
 .debug_macro   0x0000000000010c9e       0x22 ./Src/main.o
 .debug_macro   0x0000000000010cc0       0xbe ./Src/main.o
 .debug_macro   0x0000000000010d7e       0x16 ./Src/main.o
 .debug_macro   0x0000000000010d94      0x197 ./Src/main.o
 .debug_macro   0x0000000000010f2b       0x57 ./Src/main.o
 .debug_macro   0x0000000000010f82      0x5c2 ./Src/main.o
 .debug_macro   0x0000000000011544      0x28b ./Src/main.o
 .debug_macro   0x00000000000117cf      0x1cb ./Src/main.o
 .debug_macro   0x000000000001199a      0x11e ./Src/main.o
 .debug_macro   0x0000000000011ab8      0x197 ./Src/main.o
 .debug_macro   0x0000000000011c4f       0x27 ./Src/main.o
 .debug_macro   0x0000000000011c76      0x1bc ./Src/main.o
 .debug_macro   0x0000000000011e32       0x34 ./Src/main.o
 .debug_macro   0x0000000000011e66       0x3c ./Src/main.o
 .debug_macro   0x0000000000011ea2       0x57 ./Src/main.o
 .debug_macro   0x0000000000011ef9       0x8c ./Src/main.o
 .debug_macro   0x0000000000011f85      0x242 ./Src/main.o
 .debug_macro   0x00000000000121c7      0x248 ./Src/main.o
 .debug_macro   0x000000000001240f      0x143 ./Src/main.o
 .debug_macro   0x0000000000012552       0x7c ./Src/main.o
 .debug_macro   0x00000000000125ce      0x251 ./Src/stm32f1xx_hal_msp.o
 .debug_macro   0x000000000001281f      0x25b ./Src/stm32f1xx_it.o
 .debug_macro   0x0000000000012a7a       0xc2 ./Src/system_stm32f1xx.o
 .debug_macro   0x0000000000012b3c      0x275 ./Drivers/STM32F1xx_HAL_Driver/Src/stm32f1xx_hal.o
 .debug_macro   0x0000000000012db1      0x251 ./Drivers/STM32F1xx_HAL_Driver/Src/stm32f1xx_hal_cortex.o
 .debug_macro   0x0000000000013002      0x251 ./Drivers/STM32F1xx_HAL_Driver/Src/stm32f1xx_hal_dma.o
 .debug_macro   0x0000000000013253      0x251 ./Drivers/STM32F1xx_HAL_Driver/Src/stm32f1xx_hal_flash.o
 .debug_macro   0x00000000000134a4      0x263 ./Drivers/STM32F1xx_HAL_Driver/Src/stm32f1xx_hal_flash_ex.o
 .debug_macro   0x0000000000013707      0x2c1 ./Drivers/STM32F1xx_HAL_Driver/Src/stm32f1xx_hal_gpio.o
 .debug_macro   0x00000000000139c8      0x251 ./Drivers/STM32F1xx_HAL_Driver/Src/stm32f1xx_hal_gpio_ex.o
 .debug_macro   0x0000000000013c19      0x291 ./Drivers/STM32F1xx_HAL_Driver/Src/stm32f1xx_hal_i2c.o
 .debug_macro   0x0000000000013eaa      0x2b1 ./Drivers/STM32F1xx_HAL_Driver/Src/stm32f1xx_hal_pwr.o
 .debug_macro   0x000000000001415b      0x263 ./Drivers/STM32F1xx_HAL_Driver/Src/stm32f1xx_hal_rcc.o
 .debug_macro   0x00000000000143be      0x251 ./Drivers/STM32F1xx_HAL_Driver/Src/stm32f1xx_hal_rcc_ex.o
 .debug_macro   0x000000000001460f      0x252 ./Drivers/STM32F1xx_HAL_Driver/Src/stm32f1xx_hal_tim.o
 .debug_macro   0x0000000000014861      0x251 ./Drivers/STM32F1xx_HAL_Driver/Src/stm32f1xx_hal_tim_ex.o

.stack          0x0000000000080000        0x0
                0x0000000000080000                _stack = .
 *(.stack)

.ARM.attributes
                0x0000000000000000       0x29
 *(.ARM.attributes)
 .ARM.attributes
                0x0000000000000000       0x1d /usr/lib/gcc/arm-none-eabi/4.9.3/armv7-m/crti.o
 .ARM.attributes
                0x000000000000001d       0x2d /usr/lib/gcc/arm-none-eabi/4.9.3/armv7-m/crtbegin.o
 .ARM.attributes
                0x000000000000004a       0x1b /usr/lib/gcc/arm-none-eabi/4.9.3/../../../arm-none-eabi/lib/armv7-m/crt0.o
 .ARM.attributes
                0x0000000000000065       0x33 ./Src/main.o
 .ARM.attributes
                0x0000000000000098       0x33 ./Src/stm32f1xx_hal_msp.o
 .ARM.attributes
                0x00000000000000cb       0x33 ./Src/stm32f1xx_it.o
 .ARM.attributes
                0x00000000000000fe       0x33 ./Src/system_stm32f1xx.o
 .ARM.attributes
                0x0000000000000131       0x33 ./Drivers/STM32F1xx_HAL_Driver/Src/stm32f1xx_hal.o
 .ARM.attributes
                0x0000000000000164       0x33 ./Drivers/STM32F1xx_HAL_Driver/Src/stm32f1xx_hal_cortex.o
 .ARM.attributes
                0x0000000000000197       0x33 ./Drivers/STM32F1xx_HAL_Driver/Src/stm32f1xx_hal_dma.o
 .ARM.attributes
                0x00000000000001ca       0x33 ./Drivers/STM32F1xx_HAL_Driver/Src/stm32f1xx_hal_flash.o
 .ARM.attributes
                0x00000000000001fd       0x33 ./Drivers/STM32F1xx_HAL_Driver/Src/stm32f1xx_hal_flash_ex.o
 .ARM.attributes
                0x0000000000000230       0x33 ./Drivers/STM32F1xx_HAL_Driver/Src/stm32f1xx_hal_gpio.o
 .ARM.attributes
                0x0000000000000263       0x33 ./Drivers/STM32F1xx_HAL_Driver/Src/stm32f1xx_hal_gpio_ex.o
 .ARM.attributes
                0x0000000000000296       0x33 ./Drivers/STM32F1xx_HAL_Driver/Src/stm32f1xx_hal_i2c.o
 .ARM.attributes
                0x00000000000002c9       0x33 ./Drivers/STM32F1xx_HAL_Driver/Src/stm32f1xx_hal_pwr.o
 .ARM.attributes
                0x00000000000002fc       0x33 ./Drivers/STM32F1xx_HAL_Driver/Src/stm32f1xx_hal_rcc.o
 .ARM.attributes
                0x000000000000032f       0x33 ./Drivers/STM32F1xx_HAL_Driver/Src/stm32f1xx_hal_rcc_ex.o
 .ARM.attributes
                0x0000000000000362       0x33 ./Drivers/STM32F1xx_HAL_Driver/Src/stm32f1xx_hal_tim.o
 .ARM.attributes
                0x0000000000000395       0x33 ./Drivers/STM32F1xx_HAL_Driver/Src/stm32f1xx_hal_tim_ex.o
 .ARM.attributes
                0x00000000000003c8       0x2d /usr/lib/gcc/arm-none-eabi/4.9.3/../../../arm-none-eabi/lib/armv7-m/libg.a(lib_a-atexit.o)
 .ARM.attributes
                0x00000000000003f5       0x2d /usr/lib/gcc/arm-none-eabi/4.9.3/../../../arm-none-eabi/lib/armv7-m/libg.a(lib_a-exit.o)
 .ARM.attributes
                0x0000000000000422       0x2d /usr/lib/gcc/arm-none-eabi/4.9.3/../../../arm-none-eabi/lib/armv7-m/libg.a(lib_a-fini.o)
 .ARM.attributes
                0x000000000000044f       0x2d /usr/lib/gcc/arm-none-eabi/4.9.3/../../../arm-none-eabi/lib/armv7-m/libg.a(lib_a-impure.o)
 .ARM.attributes
                0x000000000000047c       0x2d /usr/lib/gcc/arm-none-eabi/4.9.3/../../../arm-none-eabi/lib/armv7-m/libg.a(lib_a-init.o)
 .ARM.attributes
                0x00000000000004a9       0x2d /usr/lib/gcc/arm-none-eabi/4.9.3/../../../arm-none-eabi/lib/armv7-m/libg.a(lib_a-memset.o)
 .ARM.attributes
                0x00000000000004d6       0x2d /usr/lib/gcc/arm-none-eabi/4.9.3/../../../arm-none-eabi/lib/armv7-m/libg.a(lib_a-__atexit.o)
 .ARM.attributes
                0x0000000000000503       0x2d /usr/lib/gcc/arm-none-eabi/4.9.3/../../../arm-none-eabi/lib/armv7-m/libg.a(lib_a-__call_atexit.o)
 .ARM.attributes
                0x0000000000000530       0x2d /usr/lib/gcc/arm-none-eabi/4.9.3/../../../arm-none-eabi/lib/armv7-m/libnosys.a(_exit.o)
 .ARM.attributes
                0x000000000000055d       0x2d /usr/lib/gcc/arm-none-eabi/4.9.3/armv7-m/crtend.o
 .ARM.attributes
                0x000000000000058a       0x1d /usr/lib/gcc/arm-none-eabi/4.9.3/armv7-m/crtn.o
 *(.gnu.attributes)

.note.gnu.arm.ident
 *(.note.gnu.arm.ident)

/DISCARD/
 *(.note.GNU-stack)
 *(.gnu_debuglink)
 *(.gnu.lto_*)
OUTPUT(parafoil.elf elf32-littlearm)
