Archive member included to satisfy reference by file (symbol)

/usr/lib/gcc/arm-none-eabi/4.9.3/armv7-m/libgcc.a(_arm_addsubsf3.o)
                              ./Src/gy86.o (__aeabi_fadd)
/usr/lib/gcc/arm-none-eabi/4.9.3/armv7-m/libgcc.a(_arm_muldivsf3.o)
                              ./Src/gy86.o (__aeabi_fdiv)
/usr/lib/gcc/arm-none-eabi/4.9.3/../../../arm-none-eabi/lib/armv7-m/libg_nano.a(lib_a-atexit.o)
                              /usr/lib/gcc/arm-none-eabi/4.9.3/../../../arm-none-eabi/lib/armv7-m/crt0.o (atexit)
/usr/lib/gcc/arm-none-eabi/4.9.3/../../../arm-none-eabi/lib/armv7-m/libg_nano.a(lib_a-exit.o)
                              /usr/lib/gcc/arm-none-eabi/4.9.3/../../../arm-none-eabi/lib/armv7-m/crt0.o (exit)
/usr/lib/gcc/arm-none-eabi/4.9.3/../../../arm-none-eabi/lib/armv7-m/libg_nano.a(lib_a-fini.o)
                              /usr/lib/gcc/arm-none-eabi/4.9.3/../../../arm-none-eabi/lib/armv7-m/crt0.o (__libc_fini_array)
/usr/lib/gcc/arm-none-eabi/4.9.3/../../../arm-none-eabi/lib/armv7-m/libg_nano.a(lib_a-impure.o)
                              /usr/lib/gcc/arm-none-eabi/4.9.3/../../../arm-none-eabi/lib/armv7-m/libg_nano.a(lib_a-exit.o) (_global_impure_ptr)
/usr/lib/gcc/arm-none-eabi/4.9.3/../../../arm-none-eabi/lib/armv7-m/libg_nano.a(lib_a-init.o)
                              /usr/lib/gcc/arm-none-eabi/4.9.3/../../../arm-none-eabi/lib/armv7-m/crt0.o (__libc_init_array)
/usr/lib/gcc/arm-none-eabi/4.9.3/../../../arm-none-eabi/lib/armv7-m/libg_nano.a(lib_a-memcpy.o)
                              ./Middlewares/Third_Party/FreeRTOS/Source/queue.o (memcpy)
/usr/lib/gcc/arm-none-eabi/4.9.3/../../../arm-none-eabi/lib/armv7-m/libg_nano.a(lib_a-memset.o)
                              /usr/lib/gcc/arm-none-eabi/4.9.3/../../../arm-none-eabi/lib/armv7-m/crt0.o (memset)
/usr/lib/gcc/arm-none-eabi/4.9.3/../../../arm-none-eabi/lib/armv7-m/libg_nano.a(lib_a-__atexit.o)
                              /usr/lib/gcc/arm-none-eabi/4.9.3/../../../arm-none-eabi/lib/armv7-m/libg_nano.a(lib_a-atexit.o) (__register_exitproc)
/usr/lib/gcc/arm-none-eabi/4.9.3/../../../arm-none-eabi/lib/armv7-m/libg_nano.a(lib_a-__call_atexit.o)
                              /usr/lib/gcc/arm-none-eabi/4.9.3/../../../arm-none-eabi/lib/armv7-m/libg_nano.a(lib_a-__atexit.o) (__call_exitprocs)
/usr/lib/gcc/arm-none-eabi/4.9.3/../../../arm-none-eabi/lib/armv7-m/libnosys.a(_exit.o)
                              /usr/lib/gcc/arm-none-eabi/4.9.3/../../../arm-none-eabi/lib/armv7-m/libg_nano.a(lib_a-exit.o) (_exit)

Allocating common symbols
Common symbol       size              file

defaultTaskHandle   0x4               ./Src/main.o
hdma_usart3_rx      0x44              ./Src/main.o
huart3              0x40              ./Src/main.o
hdma_i2c1_tx        0x44              ./Src/main.o
hi2c1               0x54              ./Src/main.o
uwTick              0x4               ./Drivers/STM32F1xx_HAL_Driver/Src/stm32f1xx_hal.o
xQueueRegistry      0x40              ./Middlewares/Third_Party/FreeRTOS/Source/queue.o
pFlash              0x20              ./Drivers/STM32F1xx_HAL_Driver/Src/stm32f1xx_hal_flash.o
hdma_usart1_tx      0x44              ./Src/main.o
hadc1               0x30              ./Src/main.o
hdma_usart1_rx      0x44              ./Src/main.o
huart1              0x40              ./Src/main.o
hdma_adc1           0x44              ./Src/main.o
htim1               0x40              ./Src/stm32f1xx_hal_timebase_TIM.o
hdma_i2c1_rx        0x44              ./Src/main.o
htim2               0x40              ./Src/main.o

Discarded input sections

 .text          0x0000000000000000        0x0 /usr/lib/gcc/arm-none-eabi/4.9.3/armv7-m/crti.o
 .data          0x0000000000000000        0x0 /usr/lib/gcc/arm-none-eabi/4.9.3/armv7-m/crti.o
 .bss           0x0000000000000000        0x0 /usr/lib/gcc/arm-none-eabi/4.9.3/armv7-m/crti.o
 .data          0x0000000000000000        0x4 /usr/lib/gcc/arm-none-eabi/4.9.3/armv7-m/crtbegin.o
 .text          0x0000000000000000       0x68 /usr/lib/gcc/arm-none-eabi/4.9.3/../../../arm-none-eabi/lib/armv7-m/crt0.o
 .data          0x0000000000000000        0x0 /usr/lib/gcc/arm-none-eabi/4.9.3/../../../arm-none-eabi/lib/armv7-m/crt0.o
 .bss           0x0000000000000000        0x0 /usr/lib/gcc/arm-none-eabi/4.9.3/../../../arm-none-eabi/lib/armv7-m/crt0.o
 .ARM.extab     0x0000000000000000        0x0 /usr/lib/gcc/arm-none-eabi/4.9.3/../../../arm-none-eabi/lib/armv7-m/crt0.o
 .ARM.exidx     0x0000000000000000        0x8 /usr/lib/gcc/arm-none-eabi/4.9.3/../../../arm-none-eabi/lib/armv7-m/crt0.o
 .debug_line    0x0000000000000000       0x7b /usr/lib/gcc/arm-none-eabi/4.9.3/../../../arm-none-eabi/lib/armv7-m/crt0.o
 .debug_info    0x0000000000000000       0xa8 /usr/lib/gcc/arm-none-eabi/4.9.3/../../../arm-none-eabi/lib/armv7-m/crt0.o
 .debug_abbrev  0x0000000000000000       0x14 /usr/lib/gcc/arm-none-eabi/4.9.3/../../../arm-none-eabi/lib/armv7-m/crt0.o
 .debug_aranges
[...]
Memory Configuration

Name             Origin             Length             Attributes
RAM              0x0000000020000000 0x0000000000005000 xrw
FLASH            0x0000000008000000 0x0000000000010000 xr
*default*        0x0000000000000000 0xffffffffffffffff

Linker script and memory map

LOAD /usr/lib/gcc/arm-none-eabi/4.9.3/armv7-m/crti.o
LOAD /usr/lib/gcc/arm-none-eabi/4.9.3/armv7-m/crtbegin.o
LOAD /usr/lib/gcc/arm-none-eabi/4.9.3/../../../arm-none-eabi/lib/armv7-m/crt0.o
LOAD ./Src/freertos.o
LOAD ./Src/gy86.o
LOAD ./Src/main.o
LOAD ./Src/stm32f1xx_hal_msp.o
LOAD ./Src/stm32f1xx_hal_timebase_TIM.o
LOAD ./Src/stm32f1xx_it.o
LOAD ./Src/system_stm32f1xx.o
LOAD ./Src/tasks.o
LOAD ./Middlewares/Third_Party/FreeRTOS/Source/portable/MemMang/heap_4.o
LOAD ./Middlewares/Third_Party/FreeRTOS/Source/portable/GCC/ARM_CM3/port.o
LOAD ./Middlewares/Third_Party/FreeRTOS/Source/CMSIS_RTOS/cmsis_os.o
LOAD ./Middlewares/Third_Party/FreeRTOS/Source/croutine.o
LOAD ./Middlewares/Third_Party/FreeRTOS/Source/event_groups.o
LOAD ./Middlewares/Third_Party/FreeRTOS/Source/list.o
LOAD ./Middlewares/Third_Party/FreeRTOS/Source/queue.o
LOAD ./Middlewares/Third_Party/FreeRTOS/Source/tasks.o
LOAD ./Middlewares/Third_Party/FreeRTOS/Source/timers.o
LOAD ./Drivers/STM32F1xx_HAL_Driver/Src/stm32f1xx_hal.o
LOAD ./Drivers/STM32F1xx_HAL_Driver/Src/stm32f1xx_hal_adc.o
LOAD ./Drivers/STM32F1xx_HAL_Driver/Src/stm32f1xx_hal_adc_ex.o
LOAD ./Drivers/STM32F1xx_HAL_Driver/Src/stm32f1xx_hal_cortex.o
LOAD ./Drivers/STM32F1xx_HAL_Driver/Src/stm32f1xx_hal_dma.o
LOAD ./Drivers/STM32F1xx_HAL_Driver/Src/stm32f1xx_hal_flash.o
LOAD ./Drivers/STM32F1xx_HAL_Driver/Src/stm32f1xx_hal_flash_ex.o
LOAD ./Drivers/STM32F1xx_HAL_Driver/Src/stm32f1xx_hal_gpio.o
LOAD ./Drivers/STM32F1xx_HAL_Driver/Src/stm32f1xx_hal_gpio_ex.o
LOAD ./Drivers/STM32F1xx_HAL_Driver/Src/stm32f1xx_hal_i2c.o
LOAD ./Drivers/STM32F1xx_HAL_Driver/Src/stm32f1xx_hal_pwr.o
LOAD ./Drivers/STM32F1xx_HAL_Driver/Src/stm32f1xx_hal_rcc.o
LOAD ./Drivers/STM32F1xx_HAL_Driver/Src/stm32f1xx_hal_rcc_ex.o
LOAD ./Drivers/STM32F1xx_HAL_Driver/Src/stm32f1xx_hal_tim.o
LOAD ./Drivers/STM32F1xx_HAL_Driver/Src/stm32f1xx_hal_tim_ex.o
LOAD ./Drivers/STM32F1xx_HAL_Driver/Src/stm32f1xx_hal_uart.o
LOAD ./startup_stm32f103xb.o
START GROUP
LOAD /usr/lib/gcc/arm-none-eabi/4.9.3/armv7-m/libgcc.a
LOAD /usr/lib/gcc/arm-none-eabi/4.9.3/../../../arm-none-eabi/lib/armv7-m/libg_nano.a
LOAD /usr/lib/gcc/arm-none-eabi/4.9.3/../../../arm-none-eabi/lib/armv7-m/libc_nano.a
END GROUP
START GROUP
LOAD /usr/lib/gcc/arm-none-eabi/4.9.3/armv7-m/libgcc.a
LOAD /usr/lib/gcc/arm-none-eabi/4.9.3/../../../arm-none-eabi/lib/armv7-m/libc_nano.a
LOAD /usr/lib/gcc/arm-none-eabi/4.9.3/../../../arm-none-eabi/lib/armv7-m/libnosys.a
END GROUP
START GROUP
LOAD /usr/lib/gcc/arm-none-eabi/4.9.3/armv7-m/libgcc.a
LOAD /usr/lib/gcc/arm-none-eabi/4.9.3/../../../arm-none-eabi/lib/armv7-m/libc_nano.a
LOAD /usr/lib/gcc/arm-none-eabi/4.9.3/../../../arm-none-eabi/lib/armv7-m/libnosys.a
END GROUP
LOAD /usr/lib/gcc/arm-none-eabi/4.9.3/armv7-m/crtend.o
LOAD /usr/lib/gcc/arm-none-eabi/4.9.3/armv7-m/crtn.o
                0x0000000020005000                _estack = 0x20005000
                0x0000000000000200                _Min_Heap_Size = 0x200
                0x0000000000000400                _Min_Stack_Size = 0x400

.isr_vector     0x0000000008000000      0x10c
                0x0000000008000000                . = ALIGN (0x4)
 *(.isr_vector)
 .isr_vector    0x0000000008000000      0x10c ./startup_stm32f103xb.o
                0x0000000008000000                g_pfnVectors
                0x000000000800010c                . = ALIGN (0x4)

.text           0x0000000008000110     0x43dc
                0x0000000008000110                . = ALIGN (0x4)
 *(.text)
 .text          0x0000000008000110       0xa4 /usr/lib/gcc/arm-none-eabi/4.9.3/armv7-m/crtbegin.o
 *(.text*)
 .text.main     0x00000000080001b4       0x58 ./Src/main.o
                0x00000000080001b4                main
 .text.SystemClock_Config
                0x000000000800020c       0xb0 ./Src/main.o
                0x000000000800020c                SystemClock_Config
 .text.MX_ADC1_Init
                0x00000000080002bc       0x80 ./Src/main.o
 .text.MX_I2C1_Init
                0x000000000800033c       0x64 ./Src/main.o
 .text.MX_TIM2_Init
                0x00000000080003a0       0xe0 ./Src/main.o
 .text.MX_USART1_UART_Init
                0x0000000008000480       0x5c ./Src/main.o
 .text.MX_USART3_UART_Init
                0x00000000080004dc       0x5c ./Src/main.o
 .text.MX_DMA_Init
                0x0000000008000538       0x88 ./Src/main.o
 .text.MX_GPIO_Init
                0x00000000080005c0       0x84 ./Src/main.o
 .text.StartDefaultTask
                0x0000000008000644       0x10 ./Src/main.o
                0x0000000008000644                StartDefaultTask
 .text.HAL_TIM_PeriodElapsedCallback
                0x0000000008000654       0x20 ./Src/main.o
                0x0000000008000654                HAL_TIM_PeriodElapsedCallback
 .text._Error_Handler
                0x0000000008000674        0xc ./Src/main.o
                0x0000000008000674                _Error_Handler
 .text.HAL_MspInit
                0x0000000008000680       0xa4 ./Src/stm32f1xx_hal_msp.o
                0x0000000008000680                HAL_MspInit
 .text.HAL_ADC_MspInit
                0x0000000008000724       0xb0 ./Src/stm32f1xx_hal_msp.o
                0x0000000008000724                HAL_ADC_MspInit
 .text.HAL_I2C_MspInit
                0x00000000080007d4      0x108 ./Src/stm32f1xx_hal_msp.o
                0x00000000080007d4                HAL_I2C_MspInit
 .text.HAL_TIM_PWM_MspInit
                0x00000000080008dc       0x38 ./Src/stm32f1xx_hal_msp.o
                0x00000000080008dc                HAL_TIM_PWM_MspInit
 .text.HAL_TIM_MspPostInit
                0x0000000008000914       0x34 ./Src/stm32f1xx_hal_msp.o
                0x0000000008000914                HAL_TIM_MspPostInit
 .text.HAL_UART_MspInit
                0x0000000008000948      0x1e4 ./Src/stm32f1xx_hal_msp.o
                0x0000000008000948                HAL_UART_MspInit
 .text.HAL_InitTick
                0x0000000008000b2c       0xac ./Src/stm32f1xx_hal_timebase_TIM.o
                0x0000000008000b2c                HAL_InitTick
 .text.NMI_Handler
                0x0000000008000bd8        0xc ./Src/stm32f1xx_it.o
                0x0000000008000bd8                NMI_Handler
 .text.HardFault_Handler
                0x0000000008000be4        0x8 ./Src/stm32f1xx_it.o
                0x0000000008000be4                HardFault_Handler
 .text.MemManage_Handler
                0x0000000008000bec        0x8 ./Src/stm32f1xx_it.o
                0x0000000008000bec                MemManage_Handler
 .text.BusFault_Handler
                0x0000000008000bf4        0x8 ./Src/stm32f1xx_it.o
                0x0000000008000bf4                BusFault_Handler
 .text.UsageFault_Handler
                0x0000000008000bfc        0x8 ./Src/stm32f1xx_it.o
                0x0000000008000bfc                UsageFault_Handler
 .text.DebugMon_Handler
                0x0000000008000c04        0xc ./Src/stm32f1xx_it.o
                0x0000000008000c04                DebugMon_Handler
 .text.SysTick_Handler
                0x0000000008000c10        0xc ./Src/stm32f1xx_it.o
                0x0000000008000c10                SysTick_Handler
 .text.DMA1_Channel1_IRQHandler
                0x0000000008000c1c       0x10 ./Src/stm32f1xx_it.o
                0x0000000008000c1c                DMA1_Channel1_IRQHandler
 .text.DMA1_Channel3_IRQHandler
                0x0000000008000c2c       0x10 ./Src/stm32f1xx_it.o
                0x0000000008000c2c                DMA1_Channel3_IRQHandler
 .text.DMA1_Channel4_IRQHandler
                0x0000000008000c3c       0x10 ./Src/stm32f1xx_it.o
                0x0000000008000c3c                DMA1_Channel4_IRQHandler
 .text.DMA1_Channel5_IRQHandler
                0x0000000008000c4c       0x10 ./Src/stm32f1xx_it.o
                0x0000000008000c4c                DMA1_Channel5_IRQHandler
 .text.DMA1_Channel6_IRQHandler
                0x0000000008000c5c       0x10 ./Src/stm32f1xx_it.o
                0x0000000008000c5c                DMA1_Channel6_IRQHandler
 .text.DMA1_Channel7_IRQHandler
                0x0000000008000c6c       0x10 ./Src/stm32f1xx_it.o
                0x0000000008000c6c                DMA1_Channel7_IRQHandler
 .text.TIM1_UP_IRQHandler
                0x0000000008000c7c       0x10 ./Src/stm32f1xx_it.o
                0x0000000008000c7c                TIM1_UP_IRQHandler
 .text.SystemInit
                0x0000000008000c8c       0x68 ./Src/system_stm32f1xx.o
                0x0000000008000c8c                SystemInit
 .text.pvPortMalloc
                0x0000000008000cf4      0x184 ./Middlewares/Third_Party/FreeRTOS/Source/portable/MemMang/heap_4.o
                0x0000000008000cf4                pvPortMalloc
 .text.vPortFree
                0x0000000008000e78       0xb0 ./Middlewares/Third_Party/FreeRTOS/Source/portable/MemMang/heap_4.o
                0x0000000008000e78                vPortFree
 .text.prvHeapInit
                0x0000000008000f28       0xc4 ./Middlewares/Third_Party/FreeRTOS/Source/portable/MemMang/heap_4.o
 .text.prvInsertBlockIntoFreeList
                0x0000000008000fec       0xb0 ./Middlewares/Third_Party/FreeRTOS/Source/portable/MemMang/heap_4.o
 .text.pxPortInitialiseStack
                0x000000000800109c       0x5c ./Middlewares/Third_Party/FreeRTOS/Source/portable/GCC/ARM_CM3/port.o
                0x000000000800109c                pxPortInitialiseStack
 .text.prvTaskExitError
                0x00000000080010f8       0x3c ./Middlewares/Third_Party/FreeRTOS/Source/portable/GCC/ARM_CM3/port.o
 *fill*         0x0000000008001134        0xc 
 .text.SVC_Handler
                0x0000000008001140       0x24 ./Middlewares/Third_Party/FreeRTOS/Source/portable/GCC/ARM_CM3/port.o
                0x0000000008001140                SVC_Handler
 .text.prvPortStartFirstTask
                0x0000000008001164       0x20 ./Middlewares/Third_Party/FreeRTOS/Source/portable/GCC/ARM_CM3/port.o
 .text.xPortStartScheduler
                0x0000000008001184       0xbc ./Middlewares/Third_Party/FreeRTOS/Source/portable/GCC/ARM_CM3/port.o
                0x0000000008001184                xPortStartScheduler
 .text.vPortEnterCritical
                0x0000000008001240       0x5c ./Middlewares/Third_Party/FreeRTOS/Source/portable/GCC/ARM_CM3/port.o
                0x0000000008001240                vPortEnterCritical
 .text.vPortExitCritical
                0x000000000800129c       0x4c ./Middlewares/Third_Party/FreeRTOS/Source/portable/GCC/ARM_CM3/port.o
                0x000000000800129c                vPortExitCritical
 *fill*         0x00000000080012e8        0x8 
 .text.PendSV_Handler
                0x00000000080012f0       0x44 ./Middlewares/Third_Party/FreeRTOS/Source/portable/GCC/ARM_CM3/port.o
                0x00000000080012f0                PendSV_Handler
 .text.xPortSysTickHandler
                0x0000000008001334       0x40 ./Middlewares/Third_Party/FreeRTOS/Source/portable/GCC/ARM_CM3/port.o
                0x0000000008001334                xPortSysTickHandler
 .text.vPortSetupTimerInterrupt
                0x0000000008001374       0x34 ./Middlewares/Third_Party/FreeRTOS/Source/portable/GCC/ARM_CM3/port.o
                0x0000000008001374                vPortSetupTimerInterrupt
 .text.makeFreeRtosPriority
                0x00000000080013a8       0x30 ./Middlewares/Third_Party/FreeRTOS/Source/CMSIS_RTOS/cmsis_os.o
 .text.osKernelStart
                0x00000000080013d8       0x10 ./Middlewares/Third_Party/FreeRTOS/Source/CMSIS_RTOS/cmsis_os.o
                0x00000000080013d8                osKernelStart
 .text.osThreadCreate
                0x00000000080013e8       0x50 ./Middlewares/Third_Party/FreeRTOS/Source/CMSIS_RTOS/cmsis_os.o
                0x00000000080013e8                osThreadCreate
 .text.osDelay  0x0000000008001438       0x28 ./Middlewares/Third_Party/FreeRTOS/Source/CMSIS_RTOS/cmsis_os.o
                0x0000000008001438                osDelay
 .text.osSystickHandler
                0x0000000008001460       0x14 ./Middlewares/Third_Party/FreeRTOS/Source/CMSIS_RTOS/cmsis_os.o
                0x0000000008001460                osSystickHandler
 .text.vListInitialise
                0x0000000008001474       0x40 ./Middlewares/Third_Party/FreeRTOS/Source/list.o
                0x0000000008001474                vListInitialise
 .text.vListInitialiseItem
                0x00000000080014b4       0x18 ./Middlewares/Third_Party/FreeRTOS/Source/list.o
                0x00000000080014b4                vListInitialiseItem
 .text.vListInsertEnd
                0x00000000080014cc       0x48 ./Middlewares/Third_Party/FreeRTOS/Source/list.o
                0x00000000080014cc                vListInsertEnd
 .text.vListInsert
                0x0000000008001514       0x70 ./Middlewares/Third_Party/FreeRTOS/Source/list.o
                0x0000000008001514                vListInsert
 .text.uxListRemove
                0x0000000008001584       0x54 ./Middlewares/Third_Party/FreeRTOS/Source/list.o
                0x0000000008001584                uxListRemove
 .text.xTaskCreate
                0x00000000080015d8       0x84 ./Middlewares/Third_Party/FreeRTOS/Source/tasks.o
                0x00000000080015d8                xTaskCreate
 .text.prvInitialiseNewTask
                0x000000000800165c       0xf8 ./Middlewares/Third_Party/FreeRTOS/Source/tasks.o
 .text.prvAddNewTaskToReadyList
                0x0000000008001754       0xd8 ./Middlewares/Third_Party/FreeRTOS/Source/tasks.o
 .text.vTaskDelay
                0x000000000800182c       0x64 ./Middlewares/Third_Party/FreeRTOS/Source/tasks.o
                0x000000000800182c                vTaskDelay
 .text.vTaskStartScheduler
                0x0000000008001890       0x88 ./Middlewares/Third_Party/FreeRTOS/Source/tasks.o
                0x0000000008001890                vTaskStartScheduler
 .text.vTaskSuspendAll
                0x0000000008001918       0x1c ./Middlewares/Third_Party/FreeRTOS/Source/tasks.o
                0x0000000008001918                vTaskSuspendAll
 .text.xTaskResumeAll
                0x0000000008001934      0x13c ./Middlewares/Third_Party/FreeRTOS/Source/tasks.o
                0x0000000008001934                xTaskResumeAll
 .text.xTaskIncrementTick
                0x0000000008001a70      0x17c ./Middlewares/Third_Party/FreeRTOS/Source/tasks.o
                0x0000000008001a70                xTaskIncrementTick
 .text.vTaskSwitchContext
                0x0000000008001bec       0xb4 ./Middlewares/Third_Party/FreeRTOS/Source/tasks.o
                0x0000000008001bec                vTaskSwitchContext
 .text.prvIdleTask
                0x0000000008001ca0       0x30 ./Middlewares/Third_Party/FreeRTOS/Source/tasks.o
 .text.prvInitialiseTaskLists
                0x0000000008001cd0       0x7c ./Middlewares/Third_Party/FreeRTOS/Source/tasks.o
 .text.prvCheckTasksWaitingTermination
                0x0000000008001d4c       0x74 ./Middlewares/Third_Party/FreeRTOS/Source/tasks.o
 .text.prvDeleteTCB
                0x0000000008001dc0       0x20 ./Middlewares/Third_Party/FreeRTOS/Source/tasks.o
 .text.prvResetNextTaskUnblockTime
                0x0000000008001de0       0x48 ./Middlewares/Third_Party/FreeRTOS/Source/tasks.o
 .text.xTaskGetSchedulerState
                0x0000000008001e28       0x3c ./Middlewares/Third_Party/FreeRTOS/Source/tasks.o
                0x0000000008001e28                xTaskGetSchedulerState
 .text.prvAddCurrentTaskToDelayedList
                0x0000000008001e64       0xc8 ./Middlewares/Third_Party/FreeRTOS/Source/tasks.o
 .text.HAL_Init
                0x0000000008001f2c       0x2c ./Drivers/STM32F1xx_HAL_Driver/Src/stm32f1xx_hal.o
                0x0000000008001f2c                HAL_Init
 .text.HAL_IncTick
                0x0000000008001f58       0x24 ./Drivers/STM32F1xx_HAL_Driver/Src/stm32f1xx_hal.o
                0x0000000008001f58                HAL_IncTick
 .text.HAL_GetTick
                0x0000000008001f7c       0x18 ./Drivers/STM32F1xx_HAL_Driver/Src/stm32f1xx_hal.o
                0x0000000008001f7c                HAL_GetTick
 .text.HAL_ADC_Init
                0x0000000008001f94      0x1b0 ./Drivers/STM32F1xx_HAL_Driver/Src/stm32f1xx_hal_adc.o
                0x0000000008001f94                HAL_ADC_Init
 .text.HAL_ADC_ConfigChannel
                0x0000000008002144      0x1f0 ./Drivers/STM32F1xx_HAL_Driver/Src/stm32f1xx_hal_adc.o
                0x0000000008002144                HAL_ADC_ConfigChannel
 .text.ADC_ConversionStop_Disable
                0x0000000008002334       0x74 ./Drivers/STM32F1xx_HAL_Driver/Src/stm32f1xx_hal_adc.o
                0x0000000008002334                ADC_ConversionStop_Disable
 .text.NVIC_SetPriorityGrouping
                0x00000000080023a8       0x48 ./Drivers/STM32F1xx_HAL_Driver/Src/stm32f1xx_hal_cortex.o
 .text.NVIC_GetPriorityGrouping
                0x00000000080023f0       0x1c ./Drivers/STM32F1xx_HAL_Driver/Src/stm32f1xx_hal_cortex.o
 .text.NVIC_EnableIRQ
                0x000000000800240c       0x30 ./Drivers/STM32F1xx_HAL_Driver/Src/stm32f1xx_hal_cortex.o
 .text.NVIC_SetPriority
                0x000000000800243c       0x54 ./Drivers/STM32F1xx_HAL_Driver/Src/stm32f1xx_hal_cortex.o
 .text.NVIC_EncodePriority
                0x0000000008002490       0x64 ./Drivers/STM32F1xx_HAL_Driver/Src/stm32f1xx_hal_cortex.o
 .text.SysTick_Config
                0x00000000080024f4       0x44 ./Drivers/STM32F1xx_HAL_Driver/Src/stm32f1xx_hal_cortex.o
 .text.HAL_NVIC_SetPriorityGrouping
                0x0000000008002538       0x14 ./Drivers/STM32F1xx_HAL_Driver/Src/stm32f1xx_hal_cortex.o
                0x0000000008002538                HAL_NVIC_SetPriorityGrouping
 .text.HAL_NVIC_SetPriority
                0x000000000800254c       0x38 ./Drivers/STM32F1xx_HAL_Driver/Src/stm32f1xx_hal_cortex.o
                0x000000000800254c                HAL_NVIC_SetPriority
 .text.HAL_NVIC_EnableIRQ
                0x0000000008002584       0x1c ./Drivers/STM32F1xx_HAL_Driver/Src/stm32f1xx_hal_cortex.o
                0x0000000008002584                HAL_NVIC_EnableIRQ
 .text.HAL_SYSTICK_Config
                0x00000000080025a0       0x18 ./Drivers/STM32F1xx_HAL_Driver/Src/stm32f1xx_hal_cortex.o
                0x00000000080025a0                HAL_SYSTICK_Config
 .text.HAL_SYSTICK_CLKSourceConfig
                0x00000000080025b8       0x38 ./Drivers/STM32F1xx_HAL_Driver/Src/stm32f1xx_hal_cortex.o
                0x00000000080025b8                HAL_SYSTICK_CLKSourceConfig
 .text.HAL_DMA_Init
                0x00000000080025f0       0xd0 ./Drivers/STM32F1xx_HAL_Driver/Src/stm32f1xx_hal_dma.o
                0x00000000080025f0                HAL_DMA_Init
 .text.HAL_DMA_IRQHandler
                0x00000000080026c0      0x230 ./Drivers/STM32F1xx_HAL_Driver/Src/stm32f1xx_hal_dma.o
                0x00000000080026c0                HAL_DMA_IRQHandler
 .text.HAL_GPIO_Init
                0x00000000080028f0      0x2bc ./Drivers/STM32F1xx_HAL_Driver/Src/stm32f1xx_hal_gpio.o
                0x00000000080028f0                HAL_GPIO_Init
 .text.HAL_GPIO_WritePin
                0x0000000008002bac       0x30 ./Drivers/STM32F1xx_HAL_Driver/Src/stm32f1xx_hal_gpio.o
                0x0000000008002bac                HAL_GPIO_WritePin
 .text.HAL_I2C_Init
                0x0000000008002bdc      0x208 ./Drivers/STM32F1xx_HAL_Driver/Src/stm32f1xx_hal_i2c.o
                0x0000000008002bdc                HAL_I2C_Init
 .text.HAL_RCC_OscConfig
                0x0000000008002de4      0x4c4 ./Drivers/STM32F1xx_HAL_Driver/Src/stm32f1xx_hal_rcc.o
                0x0000000008002de4                HAL_RCC_OscConfig
 .text.HAL_RCC_ClockConfig
                0x00000000080032a8      0x1ec ./Drivers/STM32F1xx_HAL_Driver/Src/stm32f1xx_hal_rcc.o
                0x00000000080032a8                HAL_RCC_ClockConfig
 .text.HAL_RCC_GetSysClockFreq
                0x0000000008003494       0xc8 ./Drivers/STM32F1xx_HAL_Driver/Src/stm32f1xx_hal_rcc.o
                0x0000000008003494                HAL_RCC_GetSysClockFreq
 .text.HAL_RCC_GetHCLKFreq
                0x000000000800355c       0x18 ./Drivers/STM32F1xx_HAL_Driver/Src/stm32f1xx_hal_rcc.o
                0x000000000800355c                HAL_RCC_GetHCLKFreq
 .text.HAL_RCC_GetPCLK1Freq
                0x0000000008003574       0x28 ./Drivers/STM32F1xx_HAL_Driver/Src/stm32f1xx_hal_rcc.o
                0x0000000008003574                HAL_RCC_GetPCLK1Freq
 .text.HAL_RCC_GetPCLK2Freq
                0x000000000800359c       0x28 ./Drivers/STM32F1xx_HAL_Driver/Src/stm32f1xx_hal_rcc.o
                0x000000000800359c                HAL_RCC_GetPCLK2Freq
 .text.HAL_RCC_GetClockConfig
                0x00000000080035c4       0x60 ./Drivers/STM32F1xx_HAL_Driver/Src/stm32f1xx_hal_rcc.o
                0x00000000080035c4                HAL_RCC_GetClockConfig
 .text.RCC_Delay
                0x0000000008003624       0x3c ./Drivers/STM32F1xx_HAL_Driver/Src/stm32f1xx_hal_rcc.o
 .text.HAL_RCCEx_PeriphCLKConfig
                0x0000000008003660      0x16c ./Drivers/STM32F1xx_HAL_Driver/Src/stm32f1xx_hal_rcc_ex.o
                0x0000000008003660                HAL_RCCEx_PeriphCLKConfig
 .text.HAL_TIM_Base_Init
                0x00000000080037cc       0x58 ./Drivers/STM32F1xx_HAL_Driver/Src/stm32f1xx_hal_tim.o
                0x00000000080037cc                HAL_TIM_Base_Init
 .text.HAL_TIM_Base_MspInit
                0x0000000008003824       0x14 ./Drivers/STM32F1xx_HAL_Driver/Src/stm32f1xx_hal_tim.o
                0x0000000008003824                HAL_TIM_Base_MspInit
 .text.HAL_TIM_Base_Start_IT
                0x0000000008003838       0x38 ./Drivers/STM32F1xx_HAL_Driver/Src/stm32f1xx_hal_tim.o
                0x0000000008003838                HAL_TIM_Base_Start_IT
 .text.HAL_TIM_PWM_Init
                0x0000000008003870       0x58 ./Drivers/STM32F1xx_HAL_Driver/Src/stm32f1xx_hal_tim.o
                0x0000000008003870                HAL_TIM_PWM_Init
 .text.HAL_TIM_IRQHandler
                0x00000000080038c8      0x210 ./Drivers/STM32F1xx_HAL_Driver/Src/stm32f1xx_hal_tim.o
                0x00000000080038c8                HAL_TIM_IRQHandler
 .text.HAL_TIM_PWM_ConfigChannel
                0x0000000008003ad8      0x18c ./Drivers/STM32F1xx_HAL_Driver/Src/stm32f1xx_hal_tim.o
                0x0000000008003ad8                HAL_TIM_PWM_ConfigChannel
 .text.HAL_TIM_OC_DelayElapsedCallback
                0x0000000008003c64       0x14 ./Drivers/STM32F1xx_HAL_Driver/Src/stm32f1xx_hal_tim.o
                0x0000000008003c64                HAL_TIM_OC_DelayElapsedCallback
 .text.HAL_TIM_IC_CaptureCallback
                0x0000000008003c78       0x14 ./Drivers/STM32F1xx_HAL_Driver/Src/stm32f1xx_hal_tim.o
                0x0000000008003c78                HAL_TIM_IC_CaptureCallback
 .text.HAL_TIM_PWM_PulseFinishedCallback
                0x0000000008003c8c       0x14 ./Drivers/STM32F1xx_HAL_Driver/Src/stm32f1xx_hal_tim.o
                0x0000000008003c8c                HAL_TIM_PWM_PulseFinishedCallback
 .text.HAL_TIM_TriggerCallback
                0x0000000008003ca0       0x14 ./Drivers/STM32F1xx_HAL_Driver/Src/stm32f1xx_hal_tim.o
                0x0000000008003ca0                HAL_TIM_TriggerCallback
 .text.TIM_Base_SetConfig
                0x0000000008003cb4       0xcc ./Drivers/STM32F1xx_HAL_Driver/Src/stm32f1xx_hal_tim.o
                0x0000000008003cb4                TIM_Base_SetConfig
 .text.TIM_OC1_SetConfig
                0x0000000008003d80       0xd8 ./Drivers/STM32F1xx_HAL_Driver/Src/stm32f1xx_hal_tim.o
 .text.TIM_OC2_SetConfig
                0x0000000008003e58       0xe0 ./Drivers/STM32F1xx_HAL_Driver/Src/stm32f1xx_hal_tim.o
                0x0000000008003e58                TIM_OC2_SetConfig
 .text.TIM_OC3_SetConfig
                0x0000000008003f38       0xe0 ./Drivers/STM32F1xx_HAL_Driver/Src/stm32f1xx_hal_tim.o
 .text.TIM_OC4_SetConfig
                0x0000000008004018       0xa8 ./Drivers/STM32F1xx_HAL_Driver/Src/stm32f1xx_hal_tim.o
 .text.HAL_TIMEx_MasterConfigSynchronization
                0x00000000080040c0       0x8c ./Drivers/STM32F1xx_HAL_Driver/Src/stm32f1xx_hal_tim_ex.o
                0x00000000080040c0                HAL_TIMEx_MasterConfigSynchronization
 .text.HAL_TIMEx_CommutationCallback
                0x000000000800414c       0x14 ./Drivers/STM32F1xx_HAL_Driver/Src/stm32f1xx_hal_tim_ex.o
                0x000000000800414c                HAL_TIMEx_CommutationCallback
 .text.HAL_TIMEx_BreakCallback
                0x0000000008004160       0x14 ./Drivers/STM32F1xx_HAL_Driver/Src/stm32f1xx_hal_tim_ex.o
                0x0000000008004160                HAL_TIMEx_BreakCallback
 .text.HAL_UART_Init
                0x0000000008004174       0x9c ./Drivers/STM32F1xx_HAL_Driver/Src/stm32f1xx_hal_uart.o
                0x0000000008004174                HAL_UART_Init
 .text.UART_SetConfig
                0x0000000008004210      0x22c ./Drivers/STM32F1xx_HAL_Driver/Src/stm32f1xx_hal_uart.o
 .text.Reset_Handler
                0x000000000800443c       0x48 ./startup_stm32f103xb.o
                0x000000000800443c                Reset_Handler
 .text.Default_Handler
                0x0000000008004484        0x2 ./startup_stm32f103xb.o
                0x0000000008004484                RTC_Alarm_IRQHandler
                0x0000000008004484                EXTI2_IRQHandler
                0x0000000008004484                TIM1_CC_IRQHandler
                0x0000000008004484                PVD_IRQHandler
                0x0000000008004484                EXTI3_IRQHandler
                0x0000000008004484                EXTI0_IRQHandler
                0x0000000008004484                I2C2_EV_IRQHandler
                0x0000000008004484                ADC1_2_IRQHandler
                0x0000000008004484                SPI1_IRQHandler
                0x0000000008004484                TAMPER_IRQHandler
                0x0000000008004484                USART3_IRQHandler
                0x0000000008004484                RTC_IRQHandler
                0x0000000008004484                CAN1_RX1_IRQHandler
                0x0000000008004484                TIM4_IRQHandler
                0x0000000008004484                I2C1_EV_IRQHandler
                0x0000000008004484                TIM3_IRQHandler
                0x0000000008004484                RCC_IRQHandler
                0x0000000008004484                TIM1_TRG_COM_IRQHandler
                0x0000000008004484                Default_Handler
                0x0000000008004484                EXTI15_10_IRQHandler
                0x0000000008004484                EXTI9_5_IRQHandler
                0x0000000008004484                SPI2_IRQHandler
                0x0000000008004484                EXTI4_IRQHandler
                0x0000000008004484                USB_LP_CAN1_RX0_IRQHandler
                0x0000000008004484                USB_HP_CAN1_TX_IRQHandler
                0x0000000008004484                WWDG_IRQHandler
                0x0000000008004484                TIM2_IRQHandler
                0x0000000008004484                TIM1_BRK_IRQHandler
                0x0000000008004484                EXTI1_IRQHandler
                0x0000000008004484                USART2_IRQHandler
                0x0000000008004484                I2C2_ER_IRQHandler
                0x0000000008004484                DMA1_Channel2_IRQHandler
                0x0000000008004484                CAN1_SCE_IRQHandler
                0x0000000008004484                FLASH_IRQHandler
                0x0000000008004484                USART1_IRQHandler
                0x0000000008004484                I2C1_ER_IRQHandler
                0x0000000008004484                USBWakeUp_IRQHandler
 *fill*         0x0000000008004486        0x2 
 .text.__libc_init_array
                0x0000000008004488       0x4c /usr/lib/gcc/arm-none-eabi/4.9.3/../../../arm-none-eabi/lib/armv7-m/libg_nano.a(lib_a-init.o)
                0x0000000008004488                __libc_init_array
 *(.glue_7)
 .glue_7        0x00000000080044d4        0x0 linker stubs
 *(.glue_7t)
 .glue_7t       0x00000000080044d4        0x0 linker stubs
 *(.eh_frame)
 .eh_frame      0x00000000080044d4        0x0 /usr/lib/gcc/arm-none-eabi/4.9.3/armv7-m/crtbegin.o
 *(.init)
 .init          0x00000000080044d4        0x4 /usr/lib/gcc/arm-none-eabi/4.9.3/armv7-m/crti.o
                0x00000000080044d4                _init
 .init          0x00000000080044d8        0x8 /usr/lib/gcc/arm-none-eabi/4.9.3/armv7-m/crtn.o
 *(.fini)
 .fini          0x00000000080044e0        0x4 /usr/lib/gcc/arm-none-eabi/4.9.3/armv7-m/crti.o
                0x00000000080044e0                _fini
 .fini          0x00000000080044e4        0x8 /usr/lib/gcc/arm-none-eabi/4.9.3/armv7-m/crtn.o
                0x00000000080044ec                . = ALIGN (0x4)
                0x00000000080044ec                _etext = .

.vfp11_veneer   0x00000000080044ec        0x0
 .vfp11_veneer  0x00000000080044ec        0x0 linker stubs

.v4_bx          0x00000000080044ec        0x0
 .v4_bx         0x00000000080044ec        0x0 linker stubs

.iplt           0x00000000080044ec        0x0
 .iplt          0x00000000080044ec        0x0 /usr/lib/gcc/arm-none-eabi/4.9.3/armv7-m/crtbegin.o

.rodata         0x00000000080044ec       0x80
                0x00000000080044ec                . = ALIGN (0x4)
 *(.rodata)
 .rodata        0x00000000080044ec       0x2e ./Src/main.o
 *fill*         0x000000000800451a        0x2 
 .rodata        0x000000000800451c       0x1b ./Src/stm32f1xx_hal_msp.o
 *fill*         0x0000000008004537        0x1 
 .rodata        0x0000000008004538        0x5 ./Middlewares/Third_Party/FreeRTOS/Source/tasks.o
 *fill*         0x000000000800453d        0x3 
 .rodata        0x0000000008004540       0x12 ./Drivers/STM32F1xx_HAL_Driver/Src/stm32f1xx_hal_rcc.o
 *(.rodata*)
 *fill*         0x0000000008004552        0x2 
 .rodata.AHBPrescTable
                0x0000000008004554       0x10 ./Src/system_stm32f1xx.o
                0x0000000008004554                AHBPrescTable
 .rodata.APBPrescTable
                0x0000000008004564        0x8 ./Src/system_stm32f1xx.o
                0x0000000008004564                APBPrescTable
                0x000000000800456c                . = ALIGN (0x4)

.rel.dyn        0x000000000800456c        0x0
 .rel.iplt      0x000000000800456c        0x0 /usr/lib/gcc/arm-none-eabi/4.9.3/armv7-m/crtbegin.o

.ARM.extab
 *(.ARM.extab* .gnu.linkonce.armextab.*)

.ARM            0x000000000800456c        0x0
                0x000000000800456c                __exidx_start = .
 *(.ARM.exidx*)
                0x000000000800456c                __exidx_end = .

.preinit_array  0x000000000800456c        0x0
                0x000000000800456c                PROVIDE (__preinit_array_start, .)
 *(.preinit_array*)
                0x000000000800456c                PROVIDE (__preinit_array_end, .)

.init_array     0x000000000800456c        0x4
                0x000000000800456c                PROVIDE (__init_array_start, .)
 *(SORT(.init_array.*))
 *(.init_array*)
 .init_array    0x000000000800456c        0x4 /usr/lib/gcc/arm-none-eabi/4.9.3/armv7-m/crtbegin.o
                0x0000000008004570                PROVIDE (__init_array_end, .)

.fini_array     0x0000000008004570        0x4
                0x0000000008004570                PROVIDE (__fini_array_start, .)
 *(SORT(.fini_array.*))
 *(.fini_array*)
 .fini_array    0x0000000008004570        0x4 /usr/lib/gcc/arm-none-eabi/4.9.3/armv7-m/crtbegin.o
                0x0000000008004574                PROVIDE (__fini_array_end, .)
                0x0000000008004574                _sidata = LOADADDR (.data)

.data           0x0000000020000000        0xc load address 0x0000000008004574
                0x0000000020000000                . = ALIGN (0x4)
                0x0000000020000000                _sdata = .
 *(.data)
 *(.data*)
 .data.SystemCoreClock
                0x0000000020000000        0x4 ./Src/system_stm32f1xx.o
                0x0000000020000000                SystemCoreClock
 .data.uxCriticalNesting
                0x0000000020000004        0x4 ./Middlewares/Third_Party/FreeRTOS/Source/portable/GCC/ARM_CM3/port.o
 .data.uwTickFreq
                0x0000000020000008        0x1 ./Drivers/STM32F1xx_HAL_Driver/Src/stm32f1xx_hal.o
                0x0000000020000008                uwTickFreq
                0x000000002000000c                . = ALIGN (0x4)
 *fill*         0x0000000020000009        0x3 
                0x000000002000000c                _edata = .

.jcr            0x000000002000000c        0x0 load address 0x0000000008004580
 .jcr           0x000000002000000c        0x0 /usr/lib/gcc/arm-none-eabi/4.9.3/armv7-m/crtbegin.o

.tm_clone_table
                0x000000002000000c        0x0 load address 0x0000000008004580
 .tm_clone_table
                0x000000002000000c        0x0 /usr/lib/gcc/arm-none-eabi/4.9.3/armv7-m/crtbegin.o
 .tm_clone_table
                0x000000002000000c        0x0 /usr/lib/gcc/arm-none-eabi/4.9.3/armv7-m/crtend.o

.igot.plt       0x000000002000000c        0x0 load address 0x0000000008004580
 .igot.plt      0x000000002000000c        0x0 /usr/lib/gcc/arm-none-eabi/4.9.3/armv7-m/crtbegin.o
                0x000000002000000c                . = ALIGN (0x4)

.bss            0x000000002000000c     0x108c load address 0x0000000008004580
                0x000000002000000c                _sbss = .
                0x000000002000000c                __bss_start__ = _sbss
 *(.bss)
 .bss           0x000000002000000c       0x1c /usr/lib/gcc/arm-none-eabi/4.9.3/armv7-m/crtbegin.o
 *(.bss*)
 .bss.ucHeap    0x0000000020000028      0xc00 ./Middlewares/Third_Party/FreeRTOS/Source/portable/MemMang/heap_4.o
 .bss.xStart    0x0000000020000c28        0x8 ./Middlewares/Third_Party/FreeRTOS/Source/portable/MemMang/heap_4.o
 .bss.pxEnd     0x0000000020000c30        0x4 ./Middlewares/Third_Party/FreeRTOS/Source/portable/MemMang/heap_4.o
 .bss.xFreeBytesRemaining
                0x0000000020000c34        0x4 ./Middlewares/Third_Party/FreeRTOS/Source/portable/MemMang/heap_4.o
 .bss.xMinimumEverFreeBytesRemaining
                0x0000000020000c38        0x4 ./Middlewares/Third_Party/FreeRTOS/Source/portable/MemMang/heap_4.o
 .bss.xBlockAllocatedBit
                0x0000000020000c3c        0x4 ./Middlewares/Third_Party/FreeRTOS/Source/portable/MemMang/heap_4.o
 .bss.ucMaxSysCallPriority
                0x0000000020000c40        0x1 ./Middlewares/Third_Party/FreeRTOS/Source/portable/GCC/ARM_CM3/port.o
 *fill*         0x0000000020000c41        0x3 
 .bss.ulMaxPRIGROUPValue
                0x0000000020000c44        0x4 ./Middlewares/Third_Party/FreeRTOS/Source/portable/GCC/ARM_CM3/port.o
 .bss.pxCurrentTCB
                0x0000000020000c48        0x4 ./Middlewares/Third_Party/FreeRTOS/Source/tasks.o
                0x0000000020000c48                pxCurrentTCB
 .bss.pxReadyTasksLists
                0x0000000020000c4c       0x8c ./Middlewares/Third_Party/FreeRTOS/Source/tasks.o
 .bss.xDelayedTaskList1
                0x0000000020000cd8       0x14 ./Middlewares/Third_Party/FreeRTOS/Source/tasks.o
 .bss.xDelayedTaskList2
                0x0000000020000cec       0x14 ./Middlewares/Third_Party/FreeRTOS/Source/tasks.o
 .bss.pxDelayedTaskList
                0x0000000020000d00        0x4 ./Middlewares/Third_Party/FreeRTOS/Source/tasks.o
 .bss.pxOverflowDelayedTaskList
                0x0000000020000d04        0x4 ./Middlewares/Third_Party/FreeRTOS/Source/tasks.o
 .bss.xPendingReadyList
                0x0000000020000d08       0x14 ./Middlewares/Third_Party/FreeRTOS/Source/tasks.o
 .bss.xTasksWaitingTermination
                0x0000000020000d1c       0x14 ./Middlewares/Third_Party/FreeRTOS/Source/tasks.o
 .bss.uxDeletedTasksWaitingCleanUp
                0x0000000020000d30        0x4 ./Middlewares/Third_Party/FreeRTOS/Source/tasks.o
 .bss.xSuspendedTaskList
                0x0000000020000d34       0x14 ./Middlewares/Third_Party/FreeRTOS/Source/tasks.o
 .bss.uxCurrentNumberOfTasks
                0x0000000020000d48        0x4 ./Middlewares/Third_Party/FreeRTOS/Source/tasks.o
 .bss.xTickCount
                0x0000000020000d4c        0x4 ./Middlewares/Third_Party/FreeRTOS/Source/tasks.o
 .bss.uxTopReadyPriority
                0x0000000020000d50        0x4 ./Middlewares/Third_Party/FreeRTOS/Source/tasks.o
 .bss.xSchedulerRunning
                0x0000000020000d54        0x4 ./Middlewares/Third_Party/FreeRTOS/Source/tasks.o
 .bss.uxPendedTicks
                0x0000000020000d58        0x4 ./Middlewares/Third_Party/FreeRTOS/Source/tasks.o
 .bss.xYieldPending
                0x0000000020000d5c        0x4 ./Middlewares/Third_Party/FreeRTOS/Source/tasks.o
 .bss.xNumOfOverflows
                0x0000000020000d60        0x4 ./Middlewares/Third_Party/FreeRTOS/Source/tasks.o
 .bss.uxTaskNumber
                0x0000000020000d64        0x4 ./Middlewares/Third_Party/FreeRTOS/Source/tasks.o
 .bss.xNextTaskUnblockTime
                0x0000000020000d68        0x4 ./Middlewares/Third_Party/FreeRTOS/Source/tasks.o
 .bss.xIdleTaskHandle
                0x0000000020000d6c        0x4 ./Middlewares/Third_Party/FreeRTOS/Source/tasks.o
 .bss.uxSchedulerSuspended
                0x0000000020000d70        0x4 ./Middlewares/Third_Party/FreeRTOS/Source/tasks.o
 *(COMMON)
 COMMON         0x0000000020000d74      0x2e0 ./Src/main.o
                0x0000000020000d74                defaultTaskHandle
                0x0000000020000d78                hdma_usart3_rx
                0x0000000020000dbc                huart3
                0x0000000020000dfc                hdma_i2c1_tx
                0x0000000020000e40                hi2c1
                0x0000000020000e94                hdma_usart1_tx
                0x0000000020000ed8                hadc1
                0x0000000020000f08                hdma_usart1_rx
                0x0000000020000f4c                huart1
                0x0000000020000f8c                hdma_adc1
                0x0000000020000fd0                hdma_i2c1_rx
                0x0000000020001014                htim2
 COMMON         0x0000000020001054       0x40 ./Src/stm32f1xx_hal_timebase_TIM.o
                0x0000000020001054                htim1
 COMMON         0x0000000020001094        0x4 ./Drivers/STM32F1xx_HAL_Driver/Src/stm32f1xx_hal.o
                0x0000000020001094                uwTick
                0x0000000020001098                . = ALIGN (0x4)
                0x0000000020001098                _ebss = .
                0x0000000020001098                __bss_end__ = _ebss

._user_heap_stack
                0x0000000020001098      0x600 load address 0x0000000008004580
                0x0000000020001098                . = ALIGN (0x8)
                [!provide]                        PROVIDE (end, .)
                [!provide]                        PROVIDE (_end, .)
                0x0000000020001298                . = (. + _Min_Heap_Size)
 *fill*         0x0000000020001098      0x200 
                0x0000000020001698                . = (. + _Min_Stack_Size)
 *fill*         0x0000000020001298      0x400 
                0x0000000020001698                . = ALIGN (0x8)

/DISCARD/
 libc.a(*)
 libm.a(*)
 libgcc.a(*)

.ARM.attributes
                0x0000000000000000       0x29
 *(.ARM.attributes)
 .ARM.attributes
                0x0000000000000000       0x1d /usr/lib/gcc/arm-none-eabi/4.9.3/armv7-m/crti.o
 .ARM.attributes
                0x000000000000001d       0x2d /usr/lib/gcc/arm-none-eabi/4.9.3/armv7-m/crtbegin.o
 .ARM.attributes
                0x000000000000004a       0x33 ./Src/main.o
 .ARM.attributes
                0x000000000000007d       0x33 ./Src/stm32f1xx_hal_msp.o
 .ARM.attributes
                0x00000000000000b0       0x33 ./Src/stm32f1xx_hal_timebase_TIM.o
 .ARM.attributes
                0x00000000000000e3       0x33 ./Src/stm32f1xx_it.o
 .ARM.attributes
                0x0000000000000116       0x33 ./Src/system_stm32f1xx.o
 .ARM.attributes
                0x0000000000000149       0x33 ./Middlewares/Third_Party/FreeRTOS/Source/portable/MemMang/heap_4.o
 .ARM.attributes
                0x000000000000017c       0x33 ./Middlewares/Third_Party/FreeRTOS/Source/portable/GCC/ARM_CM3/port.o
 .ARM.attributes
                0x00000000000001af       0x33 ./Middlewares/Third_Party/FreeRTOS/Source/CMSIS_RTOS/cmsis_os.o
 .ARM.attributes
                0x00000000000001e2       0x33 ./Middlewares/Third_Party/FreeRTOS/Source/list.o
 .ARM.attributes
                0x0000000000000215       0x33 ./Middlewares/Third_Party/FreeRTOS/Source/tasks.o
 .ARM.attributes
                0x0000000000000248       0x33 ./Drivers/STM32F1xx_HAL_Driver/Src/stm32f1xx_hal.o
 .ARM.attributes
                0x000000000000027b       0x33 ./Drivers/STM32F1xx_HAL_Driver/Src/stm32f1xx_hal_adc.o
 .ARM.attributes
                0x00000000000002ae       0x33 ./Drivers/STM32F1xx_HAL_Driver/Src/stm32f1xx_hal_cortex.o
 .ARM.attributes
                0x00000000000002e1       0x33 ./Drivers/STM32F1xx_HAL_Driver/Src/stm32f1xx_hal_dma.o
 .ARM.attributes
                0x0000000000000314       0x33 ./Drivers/STM32F1xx_HAL_Driver/Src/stm32f1xx_hal_gpio.o
 .ARM.attributes
                0x0000000000000347       0x33 ./Drivers/STM32F1xx_HAL_Driver/Src/stm32f1xx_hal_i2c.o
 .ARM.attributes
                0x000000000000037a       0x33 ./Drivers/STM32F1xx_HAL_Driver/Src/stm32f1xx_hal_rcc.o
 .ARM.attributes
                0x00000000000003ad       0x33 ./Drivers/STM32F1xx_HAL_Driver/Src/stm32f1xx_hal_rcc_ex.o
 .ARM.attributes
                0x00000000000003e0       0x33 ./Drivers/STM32F1xx_HAL_Driver/Src/stm32f1xx_hal_tim.o
 .ARM.attributes
                0x0000000000000413       0x33 ./Drivers/STM32F1xx_HAL_Driver/Src/stm32f1xx_hal_tim_ex.o
 .ARM.attributes
                0x0000000000000446       0x33 ./Drivers/STM32F1xx_HAL_Driver/Src/stm32f1xx_hal_uart.o
 .ARM.attributes
                0x0000000000000479       0x21 ./startup_stm32f103xb.o
 .ARM.attributes
                0x000000000000049a       0x2d /usr/lib/gcc/arm-none-eabi/4.9.3/../../../arm-none-eabi/lib/armv7-m/libg_nano.a(lib_a-init.o)
 .ARM.attributes
                0x00000000000004c7       0x2d /usr/lib/gcc/arm-none-eabi/4.9.3/armv7-m/crtend.o
 .ARM.attributes
                0x00000000000004f4       0x1d /usr/lib/gcc/arm-none-eabi/4.9.3/armv7-m/crtn.o
OUTPUT(paraglider.elf elf32-littlearm)

.comment        0x0000000000000000       0x70
 .comment       0x0000000000000000       0x38 /usr/lib/gcc/arm-none-eabi/4.9.3/armv7-m/crtbegin.o
                                         0x39 (size before relaxing)
 .comment       0x0000000000000038       0x39 ./Src/main.o
 .comment       0x0000000000000038       0x39 ./Src/stm32f1xx_hal_msp.o
 .comment       0x0000000000000038       0x39 ./Src/stm32f1xx_hal_timebase_TIM.o
 .comment       0x0000000000000038       0x39 ./Src/stm32f1xx_it.o
 .comment       0x0000000000000038       0x39 ./Src/system_stm32f1xx.o
 .comment       0x0000000000000038       0x39 ./Middlewares/Third_Party/FreeRTOS/Source/portable/MemMang/heap_4.o
 .comment       0x0000000000000038       0x39 ./Middlewares/Third_Party/FreeRTOS/Source/portable/GCC/ARM_CM3/port.o
 .comment       0x0000000000000038       0x39 ./Middlewares/Third_Party/FreeRTOS/Source/CMSIS_RTOS/cmsis_os.o
 .comment       0x0000000000000038       0x39 ./Middlewares/Third_Party/FreeRTOS/Source/list.o
 .comment       0x0000000000000038       0x39 ./Middlewares/Third_Party/FreeRTOS/Source/tasks.o
 .comment       0x0000000000000038       0x39 ./Drivers/STM32F1xx_HAL_Driver/Src/stm32f1xx_hal.o
 .comment       0x0000000000000038       0x39 ./Drivers/STM32F1xx_HAL_Driver/Src/stm32f1xx_hal_adc.o
 .comment       0x0000000000000038       0x39 ./Drivers/STM32F1xx_HAL_Driver/Src/stm32f1xx_hal_cortex.o
 .comment       0x0000000000000038       0x39 ./Drivers/STM32F1xx_HAL_Driver/Src/stm32f1xx_hal_dma.o
 .comment       0x0000000000000038       0x39 ./Drivers/STM32F1xx_HAL_Driver/Src/stm32f1xx_hal_gpio.o
 .comment       0x0000000000000038       0x39 ./Drivers/STM32F1xx_HAL_Driver/Src/stm32f1xx_hal_i2c.o
 .comment       0x0000000000000038       0x39 ./Drivers/STM32F1xx_HAL_Driver/Src/stm32f1xx_hal_rcc.o
 .comment       0x0000000000000038       0x39 ./Drivers/STM32F1xx_HAL_Driver/Src/stm32f1xx_hal_rcc_ex.o
 .comment       0x0000000000000038       0x39 ./Drivers/STM32F1xx_HAL_Driver/Src/stm32f1xx_hal_tim.o
 .comment       0x0000000000000038       0x39 ./Drivers/STM32F1xx_HAL_Driver/Src/stm32f1xx_hal_tim_ex.o
 .comment       0x0000000000000038       0x39 ./Drivers/STM32F1xx_HAL_Driver/Src/stm32f1xx_hal_uart.o
 .comment       0x0000000000000038       0x38 /usr/lib/gcc/arm-none-eabi/4.9.3/../../../arm-none-eabi/lib/armv7-m/libg_nano.a(lib_a-init.o)
                                         0x39 (size before relaxing)
 .comment       0x0000000000000070       0x39 /usr/lib/gcc/arm-none-eabi/4.9.3/armv7-m/crtend.o

.debug_info     0x0000000000000000    0x107b1
 .debug_info    0x0000000000000000     0x1450 ./Src/main.o
 .debug_info    0x0000000000001450     0x1149 ./Src/stm32f1xx_hal_msp.o
 .debug_info    0x0000000000002599      0x839 ./Src/stm32f1xx_hal_timebase_TIM.o
 .debug_info    0x0000000000002dd2      0x665 ./Src/stm32f1xx_it.o
 .debug_info    0x0000000000003437      0x3c3 ./Src/system_stm32f1xx.o
 .debug_info    0x00000000000037fa      0x3cf ./Middlewares/Third_Party/FreeRTOS/Source/portable/MemMang/heap_4.o
 .debug_info    0x0000000000003bc9      0x4a3 ./Middlewares/Third_Party/FreeRTOS/Source/portable/GCC/ARM_CM3/port.o
 .debug_info    0x000000000000406c     0x12dc ./Middlewares/Third_Party/FreeRTOS/Source/CMSIS_RTOS/cmsis_os.o
 .debug_info    0x0000000000005348      0x2a1 ./Middlewares/Third_Party/FreeRTOS/Source/list.o
 .debug_info    0x00000000000055e9     0x18a4 ./Middlewares/Third_Party/FreeRTOS/Source/tasks.o
 .debug_info    0x0000000000006e8d      0x678 ./Drivers/STM32F1xx_HAL_Driver/Src/stm32f1xx_hal.o
 .debug_info    0x0000000000007505      0xbb8 ./Drivers/STM32F1xx_HAL_Driver/Src/stm32f1xx_hal_adc.o
 .debug_info    0x00000000000080bd      0xaa0 ./Drivers/STM32F1xx_HAL_Driver/Src/stm32f1xx_hal_cortex.o
 .debug_info    0x0000000000008b5d      0x6e6 ./Drivers/STM32F1xx_HAL_Driver/Src/stm32f1xx_hal_dma.o
 .debug_info    0x0000000000009243      0x5e6 ./Drivers/STM32F1xx_HAL_Driver/Src/stm32f1xx_hal_gpio.o
 .debug_info    0x0000000000009829     0x2110 ./Drivers/STM32F1xx_HAL_Driver/Src/stm32f1xx_hal_i2c.o
 .debug_info    0x000000000000b939      0x7c8 ./Drivers/STM32F1xx_HAL_Driver/Src/stm32f1xx_hal_rcc.o
 .debug_info    0x000000000000c101      0x3b3 ./Drivers/STM32F1xx_HAL_Driver/Src/stm32f1xx_hal_rcc_ex.o
 .debug_info    0x000000000000c4b4     0x2145 ./Drivers/STM32F1xx_HAL_Driver/Src/stm32f1xx_hal_tim.o
 .debug_info    0x000000000000e5f9      0xef1 ./Drivers/STM32F1xx_HAL_Driver/Src/stm32f1xx_hal_tim_ex.o
 .debug_info    0x000000000000f4ea     0x112d ./Drivers/STM32F1xx_HAL_Driver/Src/stm32f1xx_hal_uart.o
 .debug_info    0x0000000000010617       0x95 ./startup_stm32f103xb.o
 .debug_info    0x00000000000106ac      0x105 /usr/lib/gcc/arm-none-eabi/4.9.3/../../../arm-none-eabi/lib/armv7-m/libg_nano.a(lib_a-init.o)

.debug_abbrev   0x0000000000000000     0x27ef
 .debug_abbrev  0x0000000000000000      0x236 ./Src/main.o
 .debug_abbrev  0x0000000000000236      0x1c8 ./Src/stm32f1xx_hal_msp.o
 .debug_abbrev  0x00000000000003fe      0x176 ./Src/stm32f1xx_hal_timebase_TIM.o
 .debug_abbrev  0x0000000000000574      0x163 ./Src/stm32f1xx_it.o
 .debug_abbrev  0x00000000000006d7      0x123 ./Src/system_stm32f1xx.o
 .debug_abbrev  0x00000000000007fa      0x1bc ./Middlewares/Third_Party/FreeRTOS/Source/portable/MemMang/heap_4.o
 .debug_abbrev  0x00000000000009b6      0x207 ./Middlewares/Third_Party/FreeRTOS/Source/portable/GCC/ARM_CM3/port.o
 .debug_abbrev  0x0000000000000bbd      0x2b8 ./Middlewares/Third_Party/FreeRTOS/Source/CMSIS_RTOS/cmsis_os.o
 .debug_abbrev  0x0000000000000e75       0xc1 ./Middlewares/Third_Party/FreeRTOS/Source/list.o
 .debug_abbrev  0x0000000000000f36      0x296 ./Middlewares/Third_Party/FreeRTOS/Source/tasks.o
 .debug_abbrev  0x00000000000011cc      0x1de ./Drivers/STM32F1xx_HAL_Driver/Src/stm32f1xx_hal.o
 .debug_abbrev  0x00000000000013aa      0x19e ./Drivers/STM32F1xx_HAL_Driver/Src/stm32f1xx_hal_adc.o
 .debug_abbrev  0x0000000000001548      0x29c ./Drivers/STM32F1xx_HAL_Driver/Src/stm32f1xx_hal_cortex.o
 .debug_abbrev  0x00000000000017e4      0x1b6 ./Drivers/STM32F1xx_HAL_Driver/Src/stm32f1xx_hal_dma.o
 .debug_abbrev  0x000000000000199a      0x1ad ./Drivers/STM32F1xx_HAL_Driver/Src/stm32f1xx_hal_gpio.o
 .debug_abbrev  0x0000000000001b47      0x21c ./Drivers/STM32F1xx_HAL_Driver/Src/stm32f1xx_hal_i2c.o
 .debug_abbrev  0x0000000000001d63      0x25f ./Drivers/STM32F1xx_HAL_Driver/Src/stm32f1xx_hal_rcc.o
 .debug_abbrev  0x0000000000001fc2      0x162 ./Drivers/STM32F1xx_HAL_Driver/Src/stm32f1xx_hal_rcc_ex.o
 .debug_abbrev  0x0000000000002124      0x207 ./Drivers/STM32F1xx_HAL_Driver/Src/stm32f1xx_hal_tim.o
 .debug_abbrev  0x000000000000232b      0x1fe ./Drivers/STM32F1xx_HAL_Driver/Src/stm32f1xx_hal_tim_ex.o
 .debug_abbrev  0x0000000000002529      0x1fa ./Drivers/STM32F1xx_HAL_Driver/Src/stm32f1xx_hal_uart.o
 .debug_abbrev  0x0000000000002723       0x12 ./startup_stm32f103xb.o
 .debug_abbrev  0x0000000000002735       0xba /usr/lib/gcc/arm-none-eabi/4.9.3/../../../arm-none-eabi/lib/armv7-m/libg_nano.a(lib_a-init.o)

.debug_aranges  0x0000000000000000     0x13a8
 .debug_aranges
                0x0000000000000000       0x78 ./Src/main.o
 .debug_aranges
                0x0000000000000078       0x68 ./Src/stm32f1xx_hal_msp.o
 .debug_aranges
                0x00000000000000e0       0x30 ./Src/stm32f1xx_hal_timebase_TIM.o
 .debug_aranges
                0x0000000000000110       0x88 ./Src/stm32f1xx_it.o
 .debug_aranges
                0x0000000000000198       0x28 ./Src/system_stm32f1xx.o
 .debug_aranges
                0x00000000000001c0       0x50 ./Middlewares/Third_Party/FreeRTOS/Source/portable/MemMang/heap_4.o
 .debug_aranges
                0x0000000000000210       0x78 ./Middlewares/Third_Party/FreeRTOS/Source/portable/GCC/ARM_CM3/port.o
 .debug_aranges
                0x0000000000000288      0x1d8 ./Middlewares/Third_Party/FreeRTOS/Source/CMSIS_RTOS/cmsis_os.o
 .debug_aranges
                0x0000000000000460       0x40 ./Middlewares/Third_Party/FreeRTOS/Source/list.o
 .debug_aranges
                0x00000000000004a0      0x190 ./Middlewares/Third_Party/FreeRTOS/Source/tasks.o
 .debug_aranges
                0x0000000000000630       0xd0 ./Drivers/STM32F1xx_HAL_Driver/Src/stm32f1xx_hal.o
 .debug_aranges
                0x0000000000000700       0xf0 ./Drivers/STM32F1xx_HAL_Driver/Src/stm32f1xx_hal_adc.o
 .debug_aranges
                0x00000000000007f0      0x100 ./Drivers/STM32F1xx_HAL_Driver/Src/stm32f1xx_hal_cortex.o
 .debug_aranges
                0x00000000000008f0       0x80 ./Drivers/STM32F1xx_HAL_Driver/Src/stm32f1xx_hal_dma.o
 .debug_aranges
                0x0000000000000970       0x58 ./Drivers/STM32F1xx_HAL_Driver/Src/stm32f1xx_hal_gpio.o
 .debug_aranges
                0x00000000000009c8      0x268 ./Drivers/STM32F1xx_HAL_Driver/Src/stm32f1xx_hal_i2c.o
 .debug_aranges
                0x0000000000000c30       0x90 ./Drivers/STM32F1xx_HAL_Driver/Src/stm32f1xx_hal_rcc.o
 .debug_aranges
                0x0000000000000cc0       0x30 ./Drivers/STM32F1xx_HAL_Driver/Src/stm32f1xx_hal_rcc_ex.o
 .debug_aranges
                0x0000000000000cf0      0x368 ./Drivers/STM32F1xx_HAL_Driver/Src/stm32f1xx_hal_tim.o
 .debug_aranges
                0x0000000000001058      0x138 ./Drivers/STM32F1xx_HAL_Driver/Src/stm32f1xx_hal_tim_ex.o
 .debug_aranges
                0x0000000000001190      0x1d0 ./Drivers/STM32F1xx_HAL_Driver/Src/stm32f1xx_hal_uart.o
 .debug_aranges
                0x0000000000001360       0x28 ./startup_stm32f103xb.o
 .debug_aranges
                0x0000000000001388       0x20 /usr/lib/gcc/arm-none-eabi/4.9.3/../../../arm-none-eabi/lib/armv7-m/libg_nano.a(lib_a-init.o)

.debug_ranges   0x0000000000000000     0x1240
 .debug_ranges  0x0000000000000000       0x68 ./Src/main.o
 .debug_ranges  0x0000000000000068       0x58 ./Src/stm32f1xx_hal_msp.o
 .debug_ranges  0x00000000000000c0       0x20 ./Src/stm32f1xx_hal_timebase_TIM.o
 .debug_ranges  0x00000000000000e0       0x78 ./Src/stm32f1xx_it.o
 .debug_ranges  0x0000000000000158       0x18 ./Src/system_stm32f1xx.o
 .debug_ranges  0x0000000000000170       0x40 ./Middlewares/Third_Party/FreeRTOS/Source/portable/MemMang/heap_4.o
 .debug_ranges  0x00000000000001b0       0x68 ./Middlewares/Third_Party/FreeRTOS/Source/portable/GCC/ARM_CM3/port.o
 .debug_ranges  0x0000000000000218      0x1c8 ./Middlewares/Third_Party/FreeRTOS/Source/CMSIS_RTOS/cmsis_os.o
 .debug_ranges  0x00000000000003e0       0x30 ./Middlewares/Third_Party/FreeRTOS/Source/list.o
 .debug_ranges  0x0000000000000410      0x180 ./Middlewares/Third_Party/FreeRTOS/Source/tasks.o
 .debug_ranges  0x0000000000000590       0xc0 ./Drivers/STM32F1xx_HAL_Driver/Src/stm32f1xx_hal.o
 .debug_ranges  0x0000000000000650       0xe0 ./Drivers/STM32F1xx_HAL_Driver/Src/stm32f1xx_hal_adc.o
 .debug_ranges  0x0000000000000730       0xf0 ./Drivers/STM32F1xx_HAL_Driver/Src/stm32f1xx_hal_cortex.o
 .debug_ranges  0x0000000000000820       0x70 ./Drivers/STM32F1xx_HAL_Driver/Src/stm32f1xx_hal_dma.o
 .debug_ranges  0x0000000000000890       0x48 ./Drivers/STM32F1xx_HAL_Driver/Src/stm32f1xx_hal_gpio.o
 .debug_ranges  0x00000000000008d8      0x258 ./Drivers/STM32F1xx_HAL_Driver/Src/stm32f1xx_hal_i2c.o
 .debug_ranges  0x0000000000000b30       0x80 ./Drivers/STM32F1xx_HAL_Driver/Src/stm32f1xx_hal_rcc.o
 .debug_ranges  0x0000000000000bb0       0x20 ./Drivers/STM32F1xx_HAL_Driver/Src/stm32f1xx_hal_rcc_ex.o
 .debug_ranges  0x0000000000000bd0      0x358 ./Drivers/STM32F1xx_HAL_Driver/Src/stm32f1xx_hal_tim.o
 .debug_ranges  0x0000000000000f28      0x128 ./Drivers/STM32F1xx_HAL_Driver/Src/stm32f1xx_hal_tim_ex.o
 .debug_ranges  0x0000000000001050      0x1c0 ./Drivers/STM32F1xx_HAL_Driver/Src/stm32f1xx_hal_uart.o
 .debug_ranges  0x0000000000001210       0x20 ./startup_stm32f103xb.o
 .debug_ranges  0x0000000000001230       0x10 /usr/lib/gcc/arm-none-eabi/4.9.3/../../../arm-none-eabi/lib/armv7-m/libg_nano.a(lib_a-init.o)

.debug_macro    0x0000000000000000     0x3998
 .debug_macro   0x0000000000000000      0x340 ./Src/main.o
 .debug_macro   0x0000000000000340       0xd8 ./Src/main.o
 .debug_macro   0x0000000000000418       0x91 ./Src/main.o
 .debug_macro   0x00000000000004a9       0x94 ./Src/main.o
 .debug_macro   0x000000000000053d       0x63 ./Src/main.o
 .debug_macro   0x00000000000005a0       0x19 ./Src/main.o
 .debug_macro   0x00000000000005b9       0xcf ./Src/main.o
 .debug_macro   0x0000000000000688      0x288 ./Src/stm32f1xx_hal_msp.o
 .debug_macro   0x0000000000000910      0x288 ./Src/stm32f1xx_hal_timebase_TIM.o
 .debug_macro   0x0000000000000b98      0x346 ./Src/stm32f1xx_it.o
 .debug_macro   0x0000000000000ede      0x28e ./Src/system_stm32f1xx.o
 .debug_macro   0x000000000000116c      0x19d ./Middlewares/Third_Party/FreeRTOS/Source/portable/MemMang/heap_4.o
 .debug_macro   0x0000000000001309       0x16 ./Middlewares/Third_Party/FreeRTOS/Source/portable/MemMang/heap_4.o
 .debug_macro   0x000000000000131f      0x10e ./Middlewares/Third_Party/FreeRTOS/Source/portable/MemMang/heap_4.o
 .debug_macro   0x000000000000142d       0x7f ./Middlewares/Third_Party/FreeRTOS/Source/portable/MemMang/heap_4.o
 .debug_macro   0x00000000000014ac       0x4a ./Middlewares/Third_Party/FreeRTOS/Source/portable/MemMang/heap_4.o
 .debug_macro   0x00000000000014f6       0x16 ./Middlewares/Third_Party/FreeRTOS/Source/portable/MemMang/heap_4.o
 .debug_macro   0x000000000000150c       0x29 ./Middlewares/Third_Party/FreeRTOS/Source/portable/MemMang/heap_4.o
 .debug_macro   0x0000000000001535      0x176 ./Middlewares/Third_Party/FreeRTOS/Source/portable/GCC/ARM_CM3/port.o
 .debug_macro   0x00000000000016ab      0x1d4 ./Middlewares/Third_Party/FreeRTOS/Source/CMSIS_RTOS/cmsis_os.o
 .debug_macro   0x000000000000187f       0x10 ./Middlewares/Third_Party/FreeRTOS/Source/CMSIS_RTOS/cmsis_os.o
 .debug_macro   0x000000000000188f       0x35 ./Middlewares/Third_Party/FreeRTOS/Source/CMSIS_RTOS/cmsis_os.o
 .debug_macro   0x00000000000018c4       0x26 ./Middlewares/Third_Party/FreeRTOS/Source/CMSIS_RTOS/cmsis_os.o
 .debug_macro   0x00000000000018ea      0x176 ./Middlewares/Third_Party/FreeRTOS/Source/list.o
 .debug_macro   0x0000000000001a60      0x24b ./Middlewares/Third_Party/FreeRTOS/Source/tasks.o
 .debug_macro   0x0000000000001cab       0x11 ./Middlewares/Third_Party/FreeRTOS/Source/tasks.o
 .debug_macro   0x0000000000001cbc      0x2ac ./Drivers/STM32F1xx_HAL_Driver/Src/stm32f1xx_hal.o
 .debug_macro   0x0000000000001f68      0x2a5 ./Drivers/STM32F1xx_HAL_Driver/Src/stm32f1xx_hal_adc.o
 .debug_macro   0x000000000000220d      0x288 ./Drivers/STM32F1xx_HAL_Driver/Src/stm32f1xx_hal_cortex.o
 .debug_macro   0x0000000000002495      0x288 ./Drivers/STM32F1xx_HAL_Driver/Src/stm32f1xx_hal_dma.o
 .debug_macro   0x000000000000271d      0x2f8 ./Drivers/STM32F1xx_HAL_Driver/Src/stm32f1xx_hal_gpio.o
 .debug_macro   0x0000000000002a15      0x2c8 ./Drivers/STM32F1xx_HAL_Driver/Src/stm32f1xx_hal_i2c.o
 .debug_macro   0x0000000000002cdd      0x29a ./Drivers/STM32F1xx_HAL_Driver/Src/stm32f1xx_hal_rcc.o
 .debug_macro   0x0000000000002f77      0x288 ./Drivers/STM32F1xx_HAL_Driver/Src/stm32f1xx_hal_rcc_ex.o
 .debug_macro   0x00000000000031ff      0x288 ./Drivers/STM32F1xx_HAL_Driver/Src/stm32f1xx_hal_tim.o
 .debug_macro   0x0000000000003487      0x288 ./Drivers/STM32F1xx_HAL_Driver/Src/stm32f1xx_hal_tim_ex.o
 .debug_macro   0x000000000000370f      0x289 ./Drivers/STM32F1xx_HAL_Driver/Src/stm32f1xx_hal_uart.o

.debug_line     0x0000000000000000     0xce6d
 .debug_line    0x0000000000000000      0x96d ./Src/main.o
 .debug_line    0x000000000000096d      0x6e2 ./Src/stm32f1xx_hal_msp.o
 .debug_line    0x000000000000104f      0x600 ./Src/stm32f1xx_hal_timebase_TIM.o
 .debug_line    0x000000000000164f      0x92e ./Src/stm32f1xx_it.o
 .debug_line    0x0000000000001f7d      0x5f4 ./Src/system_stm32f1xx.o
 .debug_line    0x0000000000002571      0x514 ./Middlewares/Third_Party/FreeRTOS/Source/portable/MemMang/heap_4.o
 .debug_line    0x0000000000002a85      0x4eb ./Middlewares/Third_Party/FreeRTOS/Source/portable/GCC/ARM_CM3/port.o
 .debug_line    0x0000000000002f70      0xaa3 ./Middlewares/Third_Party/FreeRTOS/Source/CMSIS_RTOS/cmsis_os.o
 .debug_line    0x0000000000003a13      0x430 ./Middlewares/Third_Party/FreeRTOS/Source/list.o
 .debug_line    0x0000000000003e43      0xdf3 ./Middlewares/Third_Party/FreeRTOS/Source/tasks.o
 .debug_line    0x0000000000004c36      0x786 ./Drivers/STM32F1xx_HAL_Driver/Src/stm32f1xx_hal.o
 .debug_line    0x00000000000053bc      0xaf6 ./Drivers/STM32F1xx_HAL_Driver/Src/stm32f1xx_hal_adc.o
 .debug_line    0x0000000000005eb2      0x873 ./Drivers/STM32F1xx_HAL_Driver/Src/stm32f1xx_hal_cortex.o
 .debug_line    0x0000000000006725      0xa11 ./Drivers/STM32F1xx_HAL_Driver/Src/stm32f1xx_hal_dma.o
 .debug_line    0x0000000000007136      0x7b5 ./Drivers/STM32F1xx_HAL_Driver/Src/stm32f1xx_hal_gpio.o
 .debug_line    0x00000000000078eb     0x1651 ./Drivers/STM32F1xx_HAL_Driver/Src/stm32f1xx_hal_i2c.o
 .debug_line    0x0000000000008f3c      0x86b ./Drivers/STM32F1xx_HAL_Driver/Src/stm32f1xx_hal_rcc.o
 .debug_line    0x00000000000097a7      0x67c ./Drivers/STM32F1xx_HAL_Driver/Src/stm32f1xx_hal_rcc_ex.o
 .debug_line    0x0000000000009e23     0x1550 ./Drivers/STM32F1xx_HAL_Driver/Src/stm32f1xx_hal_tim.o
 .debug_line    0x000000000000b373      0xb43 ./Drivers/STM32F1xx_HAL_Driver/Src/stm32f1xx_hal_tim_ex.o
 .debug_line    0x000000000000beb6      0xe8b ./Drivers/STM32F1xx_HAL_Driver/Src/stm32f1xx_hal_uart.o
 .debug_line    0x000000000000cd41       0x75 ./startup_stm32f103xb.o
 .debug_line    0x000000000000cdb6       0xb7 /usr/lib/gcc/arm-none-eabi/4.9.3/../../../arm-none-eabi/lib/armv7-m/libg_nano.a(lib_a-init.o)

.debug_str      0x0000000000000000    0x7ebbc
 .debug_str     0x0000000000000000    0x78e99 ./Src/main.o
                                      0x7927b (size before relaxing)
 .debug_str     0x0000000000078e99      0x114 ./Src/stm32f1xx_hal_msp.o
                                      0x73cc1 (size before relaxing)
 .debug_str     0x0000000000078fad       0xb6 ./Src/stm32f1xx_hal_timebase_TIM.o
                                      0x736f4 (size before relaxing)
 .debug_str     0x0000000000079063      0x133 ./Src/stm32f1xx_it.o
                                      0x78659 (size before relaxing)
 .debug_str     0x0000000000079196       0xe9 ./Src/system_stm32f1xx.o
                                      0x7303f (size before relaxing)
 .debug_str     0x000000000007927f      0x3c1 ./Middlewares/Third_Party/FreeRTOS/Source/portable/MemMang/heap_4.o
                                       0x8e56 (size before relaxing)
 .debug_str     0x0000000000079640      0x74b ./Middlewares/Third_Party/FreeRTOS/Source/portable/GCC/ARM_CM3/port.o
                                       0x70d2 (size before relaxing)
 .debug_str     0x0000000000079d8b      0x761 ./Middlewares/Third_Party/FreeRTOS/Source/CMSIS_RTOS/cmsis_os.o
                                       0xb209 (size before relaxing)
 .debug_str     0x000000000007a4ec      0x13d ./Middlewares/Third_Party/FreeRTOS/Source/list.o
                                       0x8735 (size before relaxing)
 .debug_str     0x000000000007a629     0x1132 ./Middlewares/Third_Party/FreeRTOS/Source/tasks.o
                                       0xa6cc (size before relaxing)
 .debug_str     0x000000000007b75b      0x3d8 ./Drivers/STM32F1xx_HAL_Driver/Src/stm32f1xx_hal.o
                                      0x73685 (size before relaxing)
 .debug_str     0x000000000007bb33      0x357 ./Drivers/STM32F1xx_HAL_Driver/Src/stm32f1xx_hal_adc.o
                                      0x7361a (size before relaxing)
 .debug_str     0x000000000007be8a      0x2b9 ./Drivers/STM32F1xx_HAL_Driver/Src/stm32f1xx_hal_cortex.o
                                      0x73621 (size before relaxing)
 .debug_str     0x000000000007c143      0x23f ./Drivers/STM32F1xx_HAL_Driver/Src/stm32f1xx_hal_dma.o
                                      0x73367 (size before relaxing)
 .debug_str     0x000000000007c382      0x31f ./Drivers/STM32F1xx_HAL_Driver/Src/stm32f1xx_hal_gpio.o
                                      0x73356 (size before relaxing)
 .debug_str     0x000000000007c6a1      0xa4b ./Drivers/STM32F1xx_HAL_Driver/Src/stm32f1xx_hal_i2c.o
                                      0x73e6e (size before relaxing)
 .debug_str     0x000000000007d0ec      0x243 ./Drivers/STM32F1xx_HAL_Driver/Src/stm32f1xx_hal_rcc.o
                                      0x733c2 (size before relaxing)
 .debug_str     0x000000000007d32f       0xb9 ./Drivers/STM32F1xx_HAL_Driver/Src/stm32f1xx_hal_rcc_ex.o
                                      0x73128 (size before relaxing)
 .debug_str     0x000000000007d3e8      0xc63 ./Drivers/STM32F1xx_HAL_Driver/Src/stm32f1xx_hal_tim.o
                                      0x74056 (size before relaxing)
 .debug_str     0x000000000007e04b      0x4dd ./Drivers/STM32F1xx_HAL_Driver/Src/stm32f1xx_hal_tim_ex.o
                                      0x738f3 (size before relaxing)
 .debug_str     0x000000000007e528      0x502 ./Drivers/STM32F1xx_HAL_Driver/Src/stm32f1xx_hal_uart.o
                                      0x73870 (size before relaxing)
 .debug_str     0x000000000007ea2a      0x192 /usr/lib/gcc/arm-none-eabi/4.9.3/../../../arm-none-eabi/lib/armv7-m/libg_nano.a(lib_a-init.o)
                                        0x231 (size before relaxing)

.debug_frame    0x0000000000000000     0x51b0
 .debug_frame   0x0000000000000000      0x19c ./Src/main.o
 .debug_frame   0x000000000000019c      0x180 ./Src/stm32f1xx_hal_msp.o
 .debug_frame   0x000000000000031c       0x74 ./Src/stm32f1xx_hal_timebase_TIM.o
 .debug_frame   0x0000000000000390      0x190 ./Src/stm32f1xx_it.o
 .debug_frame   0x0000000000000520       0x58 ./Src/system_stm32f1xx.o
 .debug_frame   0x0000000000000578      0x108 ./Middlewares/Third_Party/FreeRTOS/Source/portable/MemMang/heap_4.o
 .debug_frame   0x0000000000000680      0x18c ./Middlewares/Third_Party/FreeRTOS/Source/portable/GCC/ARM_CM3/port.o
 .debug_frame   0x000000000000080c      0x80c ./Middlewares/Third_Party/FreeRTOS/Source/CMSIS_RTOS/cmsis_os.o
 .debug_frame   0x0000000000001018       0xd8 ./Middlewares/Third_Party/FreeRTOS/Source/list.o
 .debug_frame   0x00000000000010f0      0x6bc ./Middlewares/Third_Party/FreeRTOS/Source/tasks.o
 .debug_frame   0x00000000000017ac      0x2fc ./Drivers/STM32F1xx_HAL_Driver/Src/stm32f1xx_hal.o
 .debug_frame   0x0000000000001aa8      0x410 ./Drivers/STM32F1xx_HAL_Driver/Src/stm32f1xx_hal_adc.o
 .debug_frame   0x0000000000001eb8      0x428 ./Drivers/STM32F1xx_HAL_Driver/Src/stm32f1xx_hal_cortex.o
 .debug_frame   0x00000000000022e0      0x20c ./Drivers/STM32F1xx_HAL_Driver/Src/stm32f1xx_hal_dma.o
 .debug_frame   0x00000000000024ec      0x14c ./Drivers/STM32F1xx_HAL_Driver/Src/stm32f1xx_hal_gpio.o
 .debug_frame   0x0000000000002638      0xb40 ./Drivers/STM32F1xx_HAL_Driver/Src/stm32f1xx_hal_i2c.o
 .debug_frame   0x0000000000003178      0x21c ./Drivers/STM32F1xx_HAL_Driver/Src/stm32f1xx_hal_rcc.o
 .debug_frame   0x0000000000003394       0x84 ./Drivers/STM32F1xx_HAL_Driver/Src/stm32f1xx_hal_rcc_ex.o
 .debug_frame   0x0000000000003418      0xfd0 ./Drivers/STM32F1xx_HAL_Driver/Src/stm32f1xx_hal_tim.o
 .debug_frame   0x00000000000043e8      0x558 ./Drivers/STM32F1xx_HAL_Driver/Src/stm32f1xx_hal_tim_ex.o
 .debug_frame   0x0000000000004940      0x844 ./Drivers/STM32F1xx_HAL_Driver/Src/stm32f1xx_hal_uart.o
 .debug_frame   0x0000000000005184       0x2c /usr/lib/gcc/arm-none-eabi/4.9.3/../../../arm-none-eabi/lib/armv7-m/libg_nano.a(lib_a-init.o)

.debug_loc      0x0000000000000000       0x48
 .debug_loc     0x0000000000000000       0x48 /usr/lib/gcc/arm-none-eabi/4.9.3/../../../arm-none-eabi/lib/armv7-m/libg_nano.a(lib_a-init.o)
